Archive member included because of file (symbol)

c:/program files (x86)/gnu tools arm embedded/4.8 2013q4/bin/../lib/gcc/arm-none-eabi/4.8.3/../../../../arm-none-eabi/lib/armv7e-m/fpu\libm.a(lib_a-sf_fabs.o)
                              ./Synth/chorusFD.o (symbol from plugin) (fabsf)
c:/program files (x86)/gnu tools arm embedded/4.8 2013q4/bin/../lib/gcc/arm-none-eabi/4.8.3/../../../../arm-none-eabi/lib/armv7e-m/fpu\libm.a(lib_a-sf_floor.o)
                              ./Synth/chorusFD.o (symbol from plugin) (floorf)
c:/program files (x86)/gnu tools arm embedded/4.8 2013q4/bin/../lib/gcc/arm-none-eabi/4.8.3/../../../../arm-none-eabi/lib/armv7e-m/fpu\libm.a(lib_a-sf_lrint.o)
                              ./Synth/blepvco.o (symbol from plugin) (lrintf)
c:/program files (x86)/gnu tools arm embedded/4.8 2013q4/bin/../lib/gcc/arm-none-eabi/4.8.3/../../../../arm-none-eabi/lib/armv7e-m/fpu\libm.a(lib_a-sf_rint.o)
                              ./Synth/sequencer.o (symbol from plugin) (rintf)
c:/program files (x86)/gnu tools arm embedded/4.8 2013q4/bin/../lib/gcc/arm-none-eabi/4.8.3/../../../../arm-none-eabi/lib/armv7e-m/fpu\libm.a(lib_a-sf_sin.o)
                              ./Synth/oscillators.o (symbol from plugin) (sinf)
c:/program files (x86)/gnu tools arm embedded/4.8 2013q4/bin/../lib/gcc/arm-none-eabi/4.8.3/../../../../arm-none-eabi/lib/armv7e-m/fpu\libm.a(lib_a-wf_pow.o)
                              ./Synth/math_tools.o (symbol from plugin) (powf)
c:/program files (x86)/gnu tools arm embedded/4.8 2013q4/bin/../lib/gcc/arm-none-eabi/4.8.3/../../../../arm-none-eabi/lib/armv7e-m/fpu\libm.a(lib_a-ef_pow.o)
                              c:/program files (x86)/gnu tools arm embedded/4.8 2013q4/bin/../lib/gcc/arm-none-eabi/4.8.3/../../../../arm-none-eabi/lib/armv7e-m/fpu\libm.a(lib_a-wf_pow.o) (__ieee754_powf)
c:/program files (x86)/gnu tools arm embedded/4.8 2013q4/bin/../lib/gcc/arm-none-eabi/4.8.3/../../../../arm-none-eabi/lib/armv7e-m/fpu\libm.a(lib_a-ef_rem_pio2.o)
                              c:/program files (x86)/gnu tools arm embedded/4.8 2013q4/bin/../lib/gcc/arm-none-eabi/4.8.3/../../../../arm-none-eabi/lib/armv7e-m/fpu\libm.a(lib_a-sf_sin.o) (__ieee754_rem_pio2f)
c:/program files (x86)/gnu tools arm embedded/4.8 2013q4/bin/../lib/gcc/arm-none-eabi/4.8.3/../../../../arm-none-eabi/lib/armv7e-m/fpu\libm.a(lib_a-ef_sqrt.o)
                              c:/program files (x86)/gnu tools arm embedded/4.8 2013q4/bin/../lib/gcc/arm-none-eabi/4.8.3/../../../../arm-none-eabi/lib/armv7e-m/fpu\libm.a(lib_a-ef_pow.o) (__ieee754_sqrtf)
c:/program files (x86)/gnu tools arm embedded/4.8 2013q4/bin/../lib/gcc/arm-none-eabi/4.8.3/../../../../arm-none-eabi/lib/armv7e-m/fpu\libm.a(lib_a-kf_cos.o)
                              c:/program files (x86)/gnu tools arm embedded/4.8 2013q4/bin/../lib/gcc/arm-none-eabi/4.8.3/../../../../arm-none-eabi/lib/armv7e-m/fpu\libm.a(lib_a-sf_sin.o) (__kernel_cosf)
c:/program files (x86)/gnu tools arm embedded/4.8 2013q4/bin/../lib/gcc/arm-none-eabi/4.8.3/../../../../arm-none-eabi/lib/armv7e-m/fpu\libm.a(lib_a-kf_rem_pio2.o)
                              c:/program files (x86)/gnu tools arm embedded/4.8 2013q4/bin/../lib/gcc/arm-none-eabi/4.8.3/../../../../arm-none-eabi/lib/armv7e-m/fpu\libm.a(lib_a-ef_rem_pio2.o) (__kernel_rem_pio2f)
c:/program files (x86)/gnu tools arm embedded/4.8 2013q4/bin/../lib/gcc/arm-none-eabi/4.8.3/../../../../arm-none-eabi/lib/armv7e-m/fpu\libm.a(lib_a-kf_sin.o)
                              c:/program files (x86)/gnu tools arm embedded/4.8 2013q4/bin/../lib/gcc/arm-none-eabi/4.8.3/../../../../arm-none-eabi/lib/armv7e-m/fpu\libm.a(lib_a-sf_sin.o) (__kernel_sinf)
c:/program files (x86)/gnu tools arm embedded/4.8 2013q4/bin/../lib/gcc/arm-none-eabi/4.8.3/../../../../arm-none-eabi/lib/armv7e-m/fpu\libm.a(lib_a-s_lib_ver.o)
                              c:/program files (x86)/gnu tools arm embedded/4.8 2013q4/bin/../lib/gcc/arm-none-eabi/4.8.3/../../../../arm-none-eabi/lib/armv7e-m/fpu\libm.a(lib_a-wf_pow.o) (__fdlib_version)
c:/program files (x86)/gnu tools arm embedded/4.8 2013q4/bin/../lib/gcc/arm-none-eabi/4.8.3/../../../../arm-none-eabi/lib/armv7e-m/fpu\libm.a(lib_a-s_matherr.o)
                              c:/program files (x86)/gnu tools arm embedded/4.8 2013q4/bin/../lib/gcc/arm-none-eabi/4.8.3/../../../../arm-none-eabi/lib/armv7e-m/fpu\libm.a(lib_a-wf_pow.o) (matherr)
c:/program files (x86)/gnu tools arm embedded/4.8 2013q4/bin/../lib/gcc/arm-none-eabi/4.8.3/../../../../arm-none-eabi/lib/armv7e-m/fpu\libm.a(lib_a-s_rint.o)
                              c:/program files (x86)/gnu tools arm embedded/4.8 2013q4/bin/../lib/gcc/arm-none-eabi/4.8.3/../../../../arm-none-eabi/lib/armv7e-m/fpu\libm.a(lib_a-wf_pow.o) (rint)
c:/program files (x86)/gnu tools arm embedded/4.8 2013q4/bin/../lib/gcc/arm-none-eabi/4.8.3/../../../../arm-none-eabi/lib/armv7e-m/fpu\libm.a(lib_a-sf_finite.o)
                              c:/program files (x86)/gnu tools arm embedded/4.8 2013q4/bin/../lib/gcc/arm-none-eabi/4.8.3/../../../../arm-none-eabi/lib/armv7e-m/fpu\libm.a(lib_a-wf_pow.o) (finitef)
c:/program files (x86)/gnu tools arm embedded/4.8 2013q4/bin/../lib/gcc/arm-none-eabi/4.8.3/../../../../arm-none-eabi/lib/armv7e-m/fpu\libm.a(lib_a-sf_fpclassify.o)
                              c:/program files (x86)/gnu tools arm embedded/4.8 2013q4/bin/../lib/gcc/arm-none-eabi/4.8.3/../../../../arm-none-eabi/lib/armv7e-m/fpu\libm.a(lib_a-wf_pow.o) (__fpclassifyf)
c:/program files (x86)/gnu tools arm embedded/4.8 2013q4/bin/../lib/gcc/arm-none-eabi/4.8.3/../../../../arm-none-eabi/lib/armv7e-m/fpu\libm.a(lib_a-sf_nan.o)
                              c:/program files (x86)/gnu tools arm embedded/4.8 2013q4/bin/../lib/gcc/arm-none-eabi/4.8.3/../../../../arm-none-eabi/lib/armv7e-m/fpu\libm.a(lib_a-ef_pow.o) (nanf)
c:/program files (x86)/gnu tools arm embedded/4.8 2013q4/bin/../lib/gcc/arm-none-eabi/4.8.3/../../../../arm-none-eabi/lib/armv7e-m/fpu\libm.a(lib_a-sf_scalbn.o)
                              c:/program files (x86)/gnu tools arm embedded/4.8 2013q4/bin/../lib/gcc/arm-none-eabi/4.8.3/../../../../arm-none-eabi/lib/armv7e-m/fpu\libm.a(lib_a-ef_pow.o) (scalbnf)
c:/program files (x86)/gnu tools arm embedded/4.8 2013q4/bin/../lib/gcc/arm-none-eabi/4.8.3/../../../../arm-none-eabi/lib/armv7e-m/fpu\libm.a(lib_a-sf_copysign.o)
                              c:/program files (x86)/gnu tools arm embedded/4.8 2013q4/bin/../lib/gcc/arm-none-eabi/4.8.3/../../../../arm-none-eabi/lib/armv7e-m/fpu\libm.a(lib_a-sf_scalbn.o) (copysignf)
c:/program files (x86)/gnu tools arm embedded/4.8 2013q4/bin/../lib/gcc/arm-none-eabi/4.8.3/armv7e-m/fpu\libgcc.a(_arm_addsubdf3.o)
                              c:/program files (x86)/gnu tools arm embedded/4.8 2013q4/bin/../lib/gcc/arm-none-eabi/4.8.3/../../../../arm-none-eabi/lib/armv7e-m/fpu\libm.a(lib_a-s_rint.o) (__aeabi_dsub)
c:/program files (x86)/gnu tools arm embedded/4.8 2013q4/bin/../lib/gcc/arm-none-eabi/4.8.3/armv7e-m/fpu\libgcc.a(_arm_muldivdf3.o)
                              c:/program files (x86)/gnu tools arm embedded/4.8 2013q4/bin/../lib/gcc/arm-none-eabi/4.8.3/../../../../arm-none-eabi/lib/armv7e-m/fpu\libm.a(lib_a-wf_pow.o) (__aeabi_ddiv)
c:/program files (x86)/gnu tools arm embedded/4.8 2013q4/bin/../lib/gcc/arm-none-eabi/4.8.3/armv7e-m/fpu\libgcc.a(_arm_cmpdf2.o)
                              c:/program files (x86)/gnu tools arm embedded/4.8 2013q4/bin/../lib/gcc/arm-none-eabi/4.8.3/../../../../arm-none-eabi/lib/armv7e-m/fpu\libm.a(lib_a-wf_pow.o) (__aeabi_dcmpeq)
c:/program files (x86)/gnu tools arm embedded/4.8 2013q4/bin/../lib/gcc/arm-none-eabi/4.8.3/armv7e-m/fpu\libgcc.a(_arm_truncdfsf2.o)
                              c:/program files (x86)/gnu tools arm embedded/4.8 2013q4/bin/../lib/gcc/arm-none-eabi/4.8.3/../../../../arm-none-eabi/lib/armv7e-m/fpu\libm.a(lib_a-wf_pow.o) (__aeabi_d2f)
c:/program files (x86)/gnu tools arm embedded/4.8 2013q4/bin/../lib/gcc/arm-none-eabi/4.8.3/../../../../arm-none-eabi/lib/armv7e-m/fpu\libc.a(lib_a-memcpy.o)
                              ./Synth/blepvco.o (symbol from plugin) (memcpy)
c:/program files (x86)/gnu tools arm embedded/4.8 2013q4/bin/../lib/gcc/arm-none-eabi/4.8.3/../../../../arm-none-eabi/lib/armv7e-m/fpu\libc.a(lib_a-memset.o)
                              ./Synth/blepvco.o (symbol from plugin) (memset)
c:/program files (x86)/gnu tools arm embedded/4.8 2013q4/bin/../lib/gcc/arm-none-eabi/4.8.3/../../../../arm-none-eabi/lib/armv7e-m/fpu\libc.a(lib_a-rand.o)
                              ./Synth/random.o (symbol from plugin) (srand)
c:/program files (x86)/gnu tools arm embedded/4.8 2013q4/bin/../lib/gcc/arm-none-eabi/4.8.3/../../../../arm-none-eabi/lib/armv7e-m/fpu\libc.a(lib_a-impure.o)
                              c:/program files (x86)/gnu tools arm embedded/4.8 2013q4/bin/../lib/gcc/arm-none-eabi/4.8.3/../../../../arm-none-eabi/lib/armv7e-m/fpu\libc.a(lib_a-rand.o) (_impure_ptr)

Allocating common symbols
Common symbol       size              file

HSEStartUpStatus    0x1               ./USB/usb_bsp.o (symbol from plugin)
__errno             0x4               C:\Users\Reggie\AppData\Local\Temp\ccAKa3Rn.ltrans3.ltrans.o
USBH_CfgDesc        0x200             ./Lib/STM32_USB_HOST_Library/Core/src/usbh_stdreq.o (symbol from plugin)
AUDIO_MAL_DMA_InitStructure
                    0x3c              ./System/my_stm32f4_discovery_audio_codec.o (symbol from plugin)
MIDI_Setup          0x8               ./USB/MIDIstream_class/usbh_midi_core.o (symbol from plugin)
NVIC_InitStructure  0x4               ./System/my_stm32f4_discovery.o (symbol from plugin)

Discarded input sections

 .text          0x00000000        0x0 ./USB/MIDIstream_class/usbh_midi_core.o (symbol from plugin)
 .text          0x00000000        0x0 C:\Users\Reggie\AppData\Local\Temp\ccAKa3Rn.ltrans0.ltrans.o
 .data          0x00000000        0x0 C:\Users\Reggie\AppData\Local\Temp\ccAKa3Rn.ltrans0.ltrans.o
 .bss           0x00000000        0x0 C:\Users\Reggie\AppData\Local\Temp\ccAKa3Rn.ltrans0.ltrans.o
 .rodata.AUDIO_MAL_DMA_STREAM
                0x00000000        0x4 C:\Users\Reggie\AppData\Local\Temp\ccAKa3Rn.ltrans0.ltrans.o
 .rodata.BUTTON_PORT
                0x00000000        0x4 C:\Users\Reggie\AppData\Local\Temp\ccAKa3Rn.ltrans0.ltrans.o
 .text          0x00000000        0x0 C:\Users\Reggie\AppData\Local\Temp\ccAKa3Rn.ltrans1.ltrans.o
 .data          0x00000000        0x0 C:\Users\Reggie\AppData\Local\Temp\ccAKa3Rn.ltrans1.ltrans.o
 .bss           0x00000000        0x0 C:\Users\Reggie\AppData\Local\Temp\ccAKa3Rn.ltrans1.ltrans.o
 .text          0x00000000        0x0 C:\Users\Reggie\AppData\Local\Temp\ccAKa3Rn.ltrans2.ltrans.o
 .data          0x00000000        0x0 C:\Users\Reggie\AppData\Local\Temp\ccAKa3Rn.ltrans2.ltrans.o
 .bss           0x00000000        0x0 C:\Users\Reggie\AppData\Local\Temp\ccAKa3Rn.ltrans2.ltrans.o
 .text          0x00000000        0x0 C:\Users\Reggie\AppData\Local\Temp\ccAKa3Rn.ltrans3.ltrans.o
 .data          0x00000000        0x0 C:\Users\Reggie\AppData\Local\Temp\ccAKa3Rn.ltrans3.ltrans.o
 .bss           0x00000000        0x0 C:\Users\Reggie\AppData\Local\Temp\ccAKa3Rn.ltrans3.ltrans.o
 .text.unlikely.RCC_APB2PeriphResetCmd.part.9.10850
                0x00000000       0x10 C:\Users\Reggie\AppData\Local\Temp\ccAKa3Rn.ltrans3.ltrans.o
 .text.unlikely.RCC_AHB1PeriphClockCmd.part.0.10822
                0x00000000       0x10 C:\Users\Reggie\AppData\Local\Temp\ccAKa3Rn.ltrans3.ltrans.o
 .data.AHBPrescTable.4921
                0x00000000       0x10 C:\Users\Reggie\AppData\Local\Temp\ccAKa3Rn.ltrans3.ltrans.o
 .text          0x00000000        0x0 C:\Users\Reggie\AppData\Local\Temp\ccAKa3Rn.ltrans4.ltrans.o
 .data          0x00000000        0x0 C:\Users\Reggie\AppData\Local\Temp\ccAKa3Rn.ltrans4.ltrans.o
 .bss           0x00000000        0x0 C:\Users\Reggie\AppData\Local\Temp\ccAKa3Rn.ltrans4.ltrans.o
 .text          0x00000000        0x0 C:\Users\Reggie\AppData\Local\Temp\ccAKa3Rn.ltrans5.ltrans.o
 .data          0x00000000        0x0 C:\Users\Reggie\AppData\Local\Temp\ccAKa3Rn.ltrans5.ltrans.o
 .bss           0x00000000        0x0 C:\Users\Reggie\AppData\Local\Temp\ccAKa3Rn.ltrans5.ltrans.o
 .text          0x00000000        0x0 C:\Users\Reggie\AppData\Local\Temp\ccAKa3Rn.ltrans6.ltrans.o
 .data          0x00000000        0x0 C:\Users\Reggie\AppData\Local\Temp\ccAKa3Rn.ltrans6.ltrans.o
 .bss           0x00000000        0x0 C:\Users\Reggie\AppData\Local\Temp\ccAKa3Rn.ltrans6.ltrans.o
 .text          0x00000000        0x0 C:\Users\Reggie\AppData\Local\Temp\ccAKa3Rn.ltrans7.ltrans.o
 .data          0x00000000        0x0 C:\Users\Reggie\AppData\Local\Temp\ccAKa3Rn.ltrans7.ltrans.o
 .bss           0x00000000        0x0 C:\Users\Reggie\AppData\Local\Temp\ccAKa3Rn.ltrans7.ltrans.o
 .text          0x00000000        0x0 C:\Users\Reggie\AppData\Local\Temp\ccAKa3Rn.ltrans8.ltrans.o
 .data          0x00000000        0x0 C:\Users\Reggie\AppData\Local\Temp\ccAKa3Rn.ltrans8.ltrans.o
 .bss           0x00000000        0x0 C:\Users\Reggie\AppData\Local\Temp\ccAKa3Rn.ltrans8.ltrans.o
 .text          0x00000000        0x0 C:\Users\Reggie\AppData\Local\Temp\ccAKa3Rn.ltrans9.ltrans.o
 .data          0x00000000        0x0 C:\Users\Reggie\AppData\Local\Temp\ccAKa3Rn.ltrans9.ltrans.o
 .bss           0x00000000        0x0 C:\Users\Reggie\AppData\Local\Temp\ccAKa3Rn.ltrans9.ltrans.o
 .text          0x00000000        0x0 ./USB/usb_bsp.o (symbol from plugin)
 .text          0x00000000        0x0 ./USB/usbh_usr.o (symbol from plugin)
 .text          0x00000000        0x0 ./System/my_stm32f4_discovery.o (symbol from plugin)
 .text          0x00000000        0x0 ./System/my_stm32f4_discovery_audio_codec.o (symbol from plugin)
 .text          0x00000000        0x0 ./System/startup_stm32f4xx.o (symbol from plugin)
 .text          0x00000000        0x0 ./System/stm32fxxx_it.o (symbol from plugin)
 .text          0x00000000        0x0 ./System/system_stm32f4xx.o (symbol from plugin)
 .text          0x00000000        0x0 ./Synth/adsr.o (symbol from plugin)
 .text          0x00000000        0x0 ./Synth/audio.o (symbol from plugin)
 .text          0x00000000        0x0 ./Synth/blepvco.o (symbol from plugin)
 .text          0x00000000        0x0 ./Synth/chorusFD.o (symbol from plugin)
 .text          0x00000000        0x0 ./Synth/delay.o (symbol from plugin)
 .text          0x00000000        0x0 ./Synth/drifter.o (symbol from plugin)
 .text          0x00000000        0x0 ./Synth/main.o (symbol from plugin)
 .text          0x00000000        0x0 ./Synth/math_tools.o (symbol from plugin)
 .text          0x00000000        0x0 ./Synth/midi_interface.o (symbol from plugin)
 .text          0x00000000        0x0 ./Synth/minblep_tables.o (symbol from plugin)
 .text          0x00000000        0x0 ./Synth/notesTables.o (symbol from plugin)
 .text          0x00000000        0x0 ./Synth/oscillators.o (symbol from plugin)
 .text          0x00000000        0x0 ./Synth/phaser.o (symbol from plugin)
 .text          0x00000000        0x0 ./Synth/random.o (symbol from plugin)
 .text          0x00000000        0x0 ./Synth/resonantFilter.o (symbol from plugin)
 .text          0x00000000        0x0 ./Synth/sequencer.o (symbol from plugin)
 .text          0x00000000        0x0 ./Synth/sinetable.o (symbol from plugin)
 .text          0x00000000        0x0 ./Synth/soundGen.o (symbol from plugin)
 .text          0x00000000        0x0 ./Synth/timers.o (symbol from plugin)
 .text          0x00000000        0x0 ./Lib/STM32_USB_OTG_Driver/src/usb_core.o (symbol from plugin)
 .text          0x00000000        0x0 ./Lib/STM32_USB_OTG_Driver/src/usb_hcd.o (symbol from plugin)
 .text          0x00000000        0x0 ./Lib/STM32_USB_OTG_Driver/src/usb_hcd_int.o (symbol from plugin)
 .text          0x00000000        0x0 ./Lib/STM32_USB_HOST_Library/Core/src/usbh_core.o (symbol from plugin)
 .text          0x00000000        0x0 ./Lib/STM32_USB_HOST_Library/Core/src/usbh_hcs.o (symbol from plugin)
 .text          0x00000000        0x0 ./Lib/STM32_USB_HOST_Library/Core/src/usbh_ioreq.o (symbol from plugin)
 .text          0x00000000        0x0 ./Lib/STM32_USB_HOST_Library/Core/src/usbh_stdreq.o (symbol from plugin)
 .text          0x00000000        0x0 ./Lib/STM32F4xx_StdPeriph_Driver/src/misc.o (symbol from plugin)
 .text          0x00000000        0x0 ./Lib/STM32F4xx_StdPeriph_Driver/src/stm32f4xx_dac.o (symbol from plugin)
 .text          0x00000000        0x0 ./Lib/STM32F4xx_StdPeriph_Driver/src/stm32f4xx_dma.o (symbol from plugin)
 .text          0x00000000        0x0 ./Lib/STM32F4xx_StdPeriph_Driver/src/stm32f4xx_exti.o (symbol from plugin)
 .text          0x00000000        0x0 ./Lib/STM32F4xx_StdPeriph_Driver/src/stm32f4xx_gpio.o (symbol from plugin)
 .text          0x00000000        0x0 ./Lib/STM32F4xx_StdPeriph_Driver/src/stm32f4xx_i2c.o (symbol from plugin)
 .text          0x00000000        0x0 ./Lib/STM32F4xx_StdPeriph_Driver/src/stm32f4xx_rcc.o (symbol from plugin)
 .text          0x00000000        0x0 ./Lib/STM32F4xx_StdPeriph_Driver/src/stm32f4xx_rng.o (symbol from plugin)
 .text          0x00000000        0x0 ./Lib/STM32F4xx_StdPeriph_Driver/src/stm32f4xx_spi.o (symbol from plugin)
 .text          0x00000000        0x0 ./Lib/STM32F4xx_StdPeriph_Driver/src/stm32f4xx_syscfg.o (symbol from plugin)
 .text          0x00000000        0x0 ./Lib/STM32F4xx_StdPeriph_Driver/src/stm32f4xx_tim.o (symbol from plugin)
 .text          0x00000000        0x0 c:/program files (x86)/gnu tools arm embedded/4.8 2013q4/bin/../lib/gcc/arm-none-eabi/4.8.3/../../../../arm-none-eabi/lib/armv7e-m/fpu\libm.a(lib_a-sf_fabs.o)
 .data          0x00000000        0x0 c:/program files (x86)/gnu tools arm embedded/4.8 2013q4/bin/../lib/gcc/arm-none-eabi/4.8.3/../../../../arm-none-eabi/lib/armv7e-m/fpu\libm.a(lib_a-sf_fabs.o)
 .bss           0x00000000        0x0 c:/program files (x86)/gnu tools arm embedded/4.8 2013q4/bin/../lib/gcc/arm-none-eabi/4.8.3/../../../../arm-none-eabi/lib/armv7e-m/fpu\libm.a(lib_a-sf_fabs.o)
 .text          0x00000000        0x0 c:/program files (x86)/gnu tools arm embedded/4.8 2013q4/bin/../lib/gcc/arm-none-eabi/4.8.3/../../../../arm-none-eabi/lib/armv7e-m/fpu\libm.a(lib_a-sf_floor.o)
 .data          0x00000000        0x0 c:/program files (x86)/gnu tools arm embedded/4.8 2013q4/bin/../lib/gcc/arm-none-eabi/4.8.3/../../../../arm-none-eabi/lib/armv7e-m/fpu\libm.a(lib_a-sf_floor.o)
 .bss           0x00000000        0x0 c:/program files (x86)/gnu tools arm embedded/4.8 2013q4/bin/../lib/gcc/arm-none-eabi/4.8.3/../../../../arm-none-eabi/lib/armv7e-m/fpu\libm.a(lib_a-sf_floor.o)
 .text          0x00000000        0x0 c:/program files (x86)/gnu tools arm embedded/4.8 2013q4/bin/../lib/gcc/arm-none-eabi/4.8.3/../../../../arm-none-eabi/lib/armv7e-m/fpu\libm.a(lib_a-sf_lrint.o)
 .data          0x00000000        0x0 c:/program files (x86)/gnu tools arm embedded/4.8 2013q4/bin/../lib/gcc/arm-none-eabi/4.8.3/../../../../arm-none-eabi/lib/armv7e-m/fpu\libm.a(lib_a-sf_lrint.o)
 .bss           0x00000000        0x0 c:/program files (x86)/gnu tools arm embedded/4.8 2013q4/bin/../lib/gcc/arm-none-eabi/4.8.3/../../../../arm-none-eabi/lib/armv7e-m/fpu\libm.a(lib_a-sf_lrint.o)
 .text          0x00000000        0x0 c:/program files (x86)/gnu tools arm embedded/4.8 2013q4/bin/../lib/gcc/arm-none-eabi/4.8.3/../../../../arm-none-eabi/lib/armv7e-m/fpu\libm.a(lib_a-sf_rint.o)
 .data          0x00000000        0x0 c:/program files (x86)/gnu tools arm embedded/4.8 2013q4/bin/../lib/gcc/arm-none-eabi/4.8.3/../../../../arm-none-eabi/lib/armv7e-m/fpu\libm.a(lib_a-sf_rint.o)
 .bss           0x00000000        0x0 c:/program files (x86)/gnu tools arm embedded/4.8 2013q4/bin/../lib/gcc/arm-none-eabi/4.8.3/../../../../arm-none-eabi/lib/armv7e-m/fpu\libm.a(lib_a-sf_rint.o)
 .text          0x00000000        0x0 c:/program files (x86)/gnu tools arm embedded/4.8 2013q4/bin/../lib/gcc/arm-none-eabi/4.8.3/../../../../arm-none-eabi/lib/armv7e-m/fpu\libm.a(lib_a-sf_sin.o)
 .data          0x00000000        0x0 c:/program files (x86)/gnu tools arm embedded/4.8 2013q4/bin/../lib/gcc/arm-none-eabi/4.8.3/../../../../arm-none-eabi/lib/armv7e-m/fpu\libm.a(lib_a-sf_sin.o)
 .bss           0x00000000        0x0 c:/program files (x86)/gnu tools arm embedded/4.8 2013q4/bin/../lib/gcc/arm-none-eabi/4.8.3/../../../../arm-none-eabi/lib/armv7e-m/fpu\libm.a(lib_a-sf_sin.o)
 .text          0x00000000        0x0 c:/program files (x86)/gnu tools arm embedded/4.8 2013q4/bin/../lib/gcc/arm-none-eabi/4.8.3/../../../../arm-none-eabi/lib/armv7e-m/fpu\libm.a(lib_a-wf_pow.o)
 .data          0x00000000        0x0 c:/program files (x86)/gnu tools arm embedded/4.8 2013q4/bin/../lib/gcc/arm-none-eabi/4.8.3/../../../../arm-none-eabi/lib/armv7e-m/fpu\libm.a(lib_a-wf_pow.o)
 .bss           0x00000000        0x0 c:/program files (x86)/gnu tools arm embedded/4.8 2013q4/bin/../lib/gcc/arm-none-eabi/4.8.3/../../../../arm-none-eabi/lib/armv7e-m/fpu\libm.a(lib_a-wf_pow.o)
 .text          0x00000000        0x0 c:/program files (x86)/gnu tools arm embedded/4.8 2013q4/bin/../lib/gcc/arm-none-eabi/4.8.3/../../../../arm-none-eabi/lib/armv7e-m/fpu\libm.a(lib_a-ef_pow.o)
 .data          0x00000000        0x0 c:/program files (x86)/gnu tools arm embedded/4.8 2013q4/bin/../lib/gcc/arm-none-eabi/4.8.3/../../../../arm-none-eabi/lib/armv7e-m/fpu\libm.a(lib_a-ef_pow.o)
 .bss           0x00000000        0x0 c:/program files (x86)/gnu tools arm embedded/4.8 2013q4/bin/../lib/gcc/arm-none-eabi/4.8.3/../../../../arm-none-eabi/lib/armv7e-m/fpu\libm.a(lib_a-ef_pow.o)
 .text          0x00000000        0x0 c:/program files (x86)/gnu tools arm embedded/4.8 2013q4/bin/../lib/gcc/arm-none-eabi/4.8.3/../../../../arm-none-eabi/lib/armv7e-m/fpu\libm.a(lib_a-ef_rem_pio2.o)
 .data          0x00000000        0x0 c:/program files (x86)/gnu tools arm embedded/4.8 2013q4/bin/../lib/gcc/arm-none-eabi/4.8.3/../../../../arm-none-eabi/lib/armv7e-m/fpu\libm.a(lib_a-ef_rem_pio2.o)
 .bss           0x00000000        0x0 c:/program files (x86)/gnu tools arm embedded/4.8 2013q4/bin/../lib/gcc/arm-none-eabi/4.8.3/../../../../arm-none-eabi/lib/armv7e-m/fpu\libm.a(lib_a-ef_rem_pio2.o)
 .text          0x00000000        0x0 c:/program files (x86)/gnu tools arm embedded/4.8 2013q4/bin/../lib/gcc/arm-none-eabi/4.8.3/../../../../arm-none-eabi/lib/armv7e-m/fpu\libm.a(lib_a-ef_sqrt.o)
 .data          0x00000000        0x0 c:/program files (x86)/gnu tools arm embedded/4.8 2013q4/bin/../lib/gcc/arm-none-eabi/4.8.3/../../../../arm-none-eabi/lib/armv7e-m/fpu\libm.a(lib_a-ef_sqrt.o)
 .bss           0x00000000        0x0 c:/program files (x86)/gnu tools arm embedded/4.8 2013q4/bin/../lib/gcc/arm-none-eabi/4.8.3/../../../../arm-none-eabi/lib/armv7e-m/fpu\libm.a(lib_a-ef_sqrt.o)
 .text          0x00000000        0x0 c:/program files (x86)/gnu tools arm embedded/4.8 2013q4/bin/../lib/gcc/arm-none-eabi/4.8.3/../../../../arm-none-eabi/lib/armv7e-m/fpu\libm.a(lib_a-kf_cos.o)
 .data          0x00000000        0x0 c:/program files (x86)/gnu tools arm embedded/4.8 2013q4/bin/../lib/gcc/arm-none-eabi/4.8.3/../../../../arm-none-eabi/lib/armv7e-m/fpu\libm.a(lib_a-kf_cos.o)
 .bss           0x00000000        0x0 c:/program files (x86)/gnu tools arm embedded/4.8 2013q4/bin/../lib/gcc/arm-none-eabi/4.8.3/../../../../arm-none-eabi/lib/armv7e-m/fpu\libm.a(lib_a-kf_cos.o)
 .text          0x00000000        0x0 c:/program files (x86)/gnu tools arm embedded/4.8 2013q4/bin/../lib/gcc/arm-none-eabi/4.8.3/../../../../arm-none-eabi/lib/armv7e-m/fpu\libm.a(lib_a-kf_rem_pio2.o)
 .data          0x00000000        0x0 c:/program files (x86)/gnu tools arm embedded/4.8 2013q4/bin/../lib/gcc/arm-none-eabi/4.8.3/../../../../arm-none-eabi/lib/armv7e-m/fpu\libm.a(lib_a-kf_rem_pio2.o)
 .bss           0x00000000        0x0 c:/program files (x86)/gnu tools arm embedded/4.8 2013q4/bin/../lib/gcc/arm-none-eabi/4.8.3/../../../../arm-none-eabi/lib/armv7e-m/fpu\libm.a(lib_a-kf_rem_pio2.o)
 .text          0x00000000        0x0 c:/program files (x86)/gnu tools arm embedded/4.8 2013q4/bin/../lib/gcc/arm-none-eabi/4.8.3/../../../../arm-none-eabi/lib/armv7e-m/fpu\libm.a(lib_a-kf_sin.o)
 .data          0x00000000        0x0 c:/program files (x86)/gnu tools arm embedded/4.8 2013q4/bin/../lib/gcc/arm-none-eabi/4.8.3/../../../../arm-none-eabi/lib/armv7e-m/fpu\libm.a(lib_a-kf_sin.o)
 .bss           0x00000000        0x0 c:/program files (x86)/gnu tools arm embedded/4.8 2013q4/bin/../lib/gcc/arm-none-eabi/4.8.3/../../../../arm-none-eabi/lib/armv7e-m/fpu\libm.a(lib_a-kf_sin.o)
 .text          0x00000000        0x0 c:/program files (x86)/gnu tools arm embedded/4.8 2013q4/bin/../lib/gcc/arm-none-eabi/4.8.3/../../../../arm-none-eabi/lib/armv7e-m/fpu\libm.a(lib_a-s_lib_ver.o)
 .data          0x00000000        0x0 c:/program files (x86)/gnu tools arm embedded/4.8 2013q4/bin/../lib/gcc/arm-none-eabi/4.8.3/../../../../arm-none-eabi/lib/armv7e-m/fpu\libm.a(lib_a-s_lib_ver.o)
 .bss           0x00000000        0x0 c:/program files (x86)/gnu tools arm embedded/4.8 2013q4/bin/../lib/gcc/arm-none-eabi/4.8.3/../../../../arm-none-eabi/lib/armv7e-m/fpu\libm.a(lib_a-s_lib_ver.o)
 .text          0x00000000        0x0 c:/program files (x86)/gnu tools arm embedded/4.8 2013q4/bin/../lib/gcc/arm-none-eabi/4.8.3/../../../../arm-none-eabi/lib/armv7e-m/fpu\libm.a(lib_a-s_matherr.o)
 .data          0x00000000        0x0 c:/program files (x86)/gnu tools arm embedded/4.8 2013q4/bin/../lib/gcc/arm-none-eabi/4.8.3/../../../../arm-none-eabi/lib/armv7e-m/fpu\libm.a(lib_a-s_matherr.o)
 .bss           0x00000000        0x0 c:/program files (x86)/gnu tools arm embedded/4.8 2013q4/bin/../lib/gcc/arm-none-eabi/4.8.3/../../../../arm-none-eabi/lib/armv7e-m/fpu\libm.a(lib_a-s_matherr.o)
 .text          0x00000000        0x0 c:/program files (x86)/gnu tools arm embedded/4.8 2013q4/bin/../lib/gcc/arm-none-eabi/4.8.3/../../../../arm-none-eabi/lib/armv7e-m/fpu\libm.a(lib_a-s_rint.o)
 .data          0x00000000        0x0 c:/program files (x86)/gnu tools arm embedded/4.8 2013q4/bin/../lib/gcc/arm-none-eabi/4.8.3/../../../../arm-none-eabi/lib/armv7e-m/fpu\libm.a(lib_a-s_rint.o)
 .bss           0x00000000        0x0 c:/program files (x86)/gnu tools arm embedded/4.8 2013q4/bin/../lib/gcc/arm-none-eabi/4.8.3/../../../../arm-none-eabi/lib/armv7e-m/fpu\libm.a(lib_a-s_rint.o)
 .text          0x00000000        0x0 c:/program files (x86)/gnu tools arm embedded/4.8 2013q4/bin/../lib/gcc/arm-none-eabi/4.8.3/../../../../arm-none-eabi/lib/armv7e-m/fpu\libm.a(lib_a-sf_finite.o)
 .data          0x00000000        0x0 c:/program files (x86)/gnu tools arm embedded/4.8 2013q4/bin/../lib/gcc/arm-none-eabi/4.8.3/../../../../arm-none-eabi/lib/armv7e-m/fpu\libm.a(lib_a-sf_finite.o)
 .bss           0x00000000        0x0 c:/program files (x86)/gnu tools arm embedded/4.8 2013q4/bin/../lib/gcc/arm-none-eabi/4.8.3/../../../../arm-none-eabi/lib/armv7e-m/fpu\libm.a(lib_a-sf_finite.o)
 .text          0x00000000        0x0 c:/program files (x86)/gnu tools arm embedded/4.8 2013q4/bin/../lib/gcc/arm-none-eabi/4.8.3/../../../../arm-none-eabi/lib/armv7e-m/fpu\libm.a(lib_a-sf_fpclassify.o)
 .data          0x00000000        0x0 c:/program files (x86)/gnu tools arm embedded/4.8 2013q4/bin/../lib/gcc/arm-none-eabi/4.8.3/../../../../arm-none-eabi/lib/armv7e-m/fpu\libm.a(lib_a-sf_fpclassify.o)
 .bss           0x00000000        0x0 c:/program files (x86)/gnu tools arm embedded/4.8 2013q4/bin/../lib/gcc/arm-none-eabi/4.8.3/../../../../arm-none-eabi/lib/armv7e-m/fpu\libm.a(lib_a-sf_fpclassify.o)
 .text          0x00000000        0x0 c:/program files (x86)/gnu tools arm embedded/4.8 2013q4/bin/../lib/gcc/arm-none-eabi/4.8.3/../../../../arm-none-eabi/lib/armv7e-m/fpu\libm.a(lib_a-sf_nan.o)
 .data          0x00000000        0x0 c:/program files (x86)/gnu tools arm embedded/4.8 2013q4/bin/../lib/gcc/arm-none-eabi/4.8.3/../../../../arm-none-eabi/lib/armv7e-m/fpu\libm.a(lib_a-sf_nan.o)
 .bss           0x00000000        0x0 c:/program files (x86)/gnu tools arm embedded/4.8 2013q4/bin/../lib/gcc/arm-none-eabi/4.8.3/../../../../arm-none-eabi/lib/armv7e-m/fpu\libm.a(lib_a-sf_nan.o)
 .text          0x00000000        0x0 c:/program files (x86)/gnu tools arm embedded/4.8 2013q4/bin/../lib/gcc/arm-none-eabi/4.8.3/../../../../arm-none-eabi/lib/armv7e-m/fpu\libm.a(lib_a-sf_scalbn.o)
 .data          0x00000000        0x0 c:/program files (x86)/gnu tools arm embedded/4.8 2013q4/bin/../lib/gcc/arm-none-eabi/4.8.3/../../../../arm-none-eabi/lib/armv7e-m/fpu\libm.a(lib_a-sf_scalbn.o)
 .bss           0x00000000        0x0 c:/program files (x86)/gnu tools arm embedded/4.8 2013q4/bin/../lib/gcc/arm-none-eabi/4.8.3/../../../../arm-none-eabi/lib/armv7e-m/fpu\libm.a(lib_a-sf_scalbn.o)
 .text          0x00000000        0x0 c:/program files (x86)/gnu tools arm embedded/4.8 2013q4/bin/../lib/gcc/arm-none-eabi/4.8.3/../../../../arm-none-eabi/lib/armv7e-m/fpu\libm.a(lib_a-sf_copysign.o)
 .data          0x00000000        0x0 c:/program files (x86)/gnu tools arm embedded/4.8 2013q4/bin/../lib/gcc/arm-none-eabi/4.8.3/../../../../arm-none-eabi/lib/armv7e-m/fpu\libm.a(lib_a-sf_copysign.o)
 .bss           0x00000000        0x0 c:/program files (x86)/gnu tools arm embedded/4.8 2013q4/bin/../lib/gcc/arm-none-eabi/4.8.3/../../../../arm-none-eabi/lib/armv7e-m/fpu\libm.a(lib_a-sf_copysign.o)
 .data          0x00000000        0x0 c:/program files (x86)/gnu tools arm embedded/4.8 2013q4/bin/../lib/gcc/arm-none-eabi/4.8.3/armv7e-m/fpu\libgcc.a(_arm_addsubdf3.o)
 .bss           0x00000000        0x0 c:/program files (x86)/gnu tools arm embedded/4.8 2013q4/bin/../lib/gcc/arm-none-eabi/4.8.3/armv7e-m/fpu\libgcc.a(_arm_addsubdf3.o)
 .data          0x00000000        0x0 c:/program files (x86)/gnu tools arm embedded/4.8 2013q4/bin/../lib/gcc/arm-none-eabi/4.8.3/armv7e-m/fpu\libgcc.a(_arm_muldivdf3.o)
 .bss           0x00000000        0x0 c:/program files (x86)/gnu tools arm embedded/4.8 2013q4/bin/../lib/gcc/arm-none-eabi/4.8.3/armv7e-m/fpu\libgcc.a(_arm_muldivdf3.o)
 .data          0x00000000        0x0 c:/program files (x86)/gnu tools arm embedded/4.8 2013q4/bin/../lib/gcc/arm-none-eabi/4.8.3/armv7e-m/fpu\libgcc.a(_arm_cmpdf2.o)
 .bss           0x00000000        0x0 c:/program files (x86)/gnu tools arm embedded/4.8 2013q4/bin/../lib/gcc/arm-none-eabi/4.8.3/armv7e-m/fpu\libgcc.a(_arm_cmpdf2.o)
 .data          0x00000000        0x0 c:/program files (x86)/gnu tools arm embedded/4.8 2013q4/bin/../lib/gcc/arm-none-eabi/4.8.3/armv7e-m/fpu\libgcc.a(_arm_truncdfsf2.o)
 .bss           0x00000000        0x0 c:/program files (x86)/gnu tools arm embedded/4.8 2013q4/bin/../lib/gcc/arm-none-eabi/4.8.3/armv7e-m/fpu\libgcc.a(_arm_truncdfsf2.o)
 .data          0x00000000        0x0 c:/program files (x86)/gnu tools arm embedded/4.8 2013q4/bin/../lib/gcc/arm-none-eabi/4.8.3/../../../../arm-none-eabi/lib/armv7e-m/fpu\libc.a(lib_a-memcpy.o)
 .bss           0x00000000        0x0 c:/program files (x86)/gnu tools arm embedded/4.8 2013q4/bin/../lib/gcc/arm-none-eabi/4.8.3/../../../../arm-none-eabi/lib/armv7e-m/fpu\libc.a(lib_a-memcpy.o)
 .text          0x00000000        0x0 c:/program files (x86)/gnu tools arm embedded/4.8 2013q4/bin/../lib/gcc/arm-none-eabi/4.8.3/../../../../arm-none-eabi/lib/armv7e-m/fpu\libc.a(lib_a-memset.o)
 .data          0x00000000        0x0 c:/program files (x86)/gnu tools arm embedded/4.8 2013q4/bin/../lib/gcc/arm-none-eabi/4.8.3/../../../../arm-none-eabi/lib/armv7e-m/fpu\libc.a(lib_a-memset.o)
 .bss           0x00000000        0x0 c:/program files (x86)/gnu tools arm embedded/4.8 2013q4/bin/../lib/gcc/arm-none-eabi/4.8.3/../../../../arm-none-eabi/lib/armv7e-m/fpu\libc.a(lib_a-memset.o)
 .text          0x00000000        0x0 c:/program files (x86)/gnu tools arm embedded/4.8 2013q4/bin/../lib/gcc/arm-none-eabi/4.8.3/../../../../arm-none-eabi/lib/armv7e-m/fpu\libc.a(lib_a-rand.o)
 .data          0x00000000        0x0 c:/program files (x86)/gnu tools arm embedded/4.8 2013q4/bin/../lib/gcc/arm-none-eabi/4.8.3/../../../../arm-none-eabi/lib/armv7e-m/fpu\libc.a(lib_a-rand.o)
 .bss           0x00000000        0x0 c:/program files (x86)/gnu tools arm embedded/4.8 2013q4/bin/../lib/gcc/arm-none-eabi/4.8.3/../../../../arm-none-eabi/lib/armv7e-m/fpu\libc.a(lib_a-rand.o)
 .text          0x00000000        0x0 c:/program files (x86)/gnu tools arm embedded/4.8 2013q4/bin/../lib/gcc/arm-none-eabi/4.8.3/../../../../arm-none-eabi/lib/armv7e-m/fpu\libc.a(lib_a-impure.o)
 .data          0x00000000        0x0 c:/program files (x86)/gnu tools arm embedded/4.8 2013q4/bin/../lib/gcc/arm-none-eabi/4.8.3/../../../../arm-none-eabi/lib/armv7e-m/fpu\libc.a(lib_a-impure.o)
 .bss           0x00000000        0x0 c:/program files (x86)/gnu tools arm embedded/4.8 2013q4/bin/../lib/gcc/arm-none-eabi/4.8.3/../../../../arm-none-eabi/lib/armv7e-m/fpu\libc.a(lib_a-impure.o)
 .rodata._global_impure_ptr
                0x00000000        0x4 c:/program files (x86)/gnu tools arm embedded/4.8 2013q4/bin/../lib/gcc/arm-none-eabi/4.8.3/../../../../arm-none-eabi/lib/armv7e-m/fpu\libc.a(lib_a-impure.o)

Memory Configuration

Name             Origin             Length             Attributes
rom              0x08000000         0x00100000         xr
ram              0x20000000         0x00020000         xrw
ccm              0x10000000         0x00010000         xrw
*default*        0x00000000         0xffffffff

Linker script and memory map

LOAD ./USB/MIDIstream_class/usbh_midi_core.o
LOAD C:\Users\Reggie\AppData\Local\Temp\ccAKa3Rn.ltrans0.ltrans.o
LOAD C:\Users\Reggie\AppData\Local\Temp\ccAKa3Rn.ltrans1.ltrans.o
LOAD C:\Users\Reggie\AppData\Local\Temp\ccAKa3Rn.ltrans2.ltrans.o
LOAD C:\Users\Reggie\AppData\Local\Temp\ccAKa3Rn.ltrans3.ltrans.o
LOAD C:\Users\Reggie\AppData\Local\Temp\ccAKa3Rn.ltrans4.ltrans.o
LOAD C:\Users\Reggie\AppData\Local\Temp\ccAKa3Rn.ltrans5.ltrans.o
LOAD C:\Users\Reggie\AppData\Local\Temp\ccAKa3Rn.ltrans6.ltrans.o
LOAD C:\Users\Reggie\AppData\Local\Temp\ccAKa3Rn.ltrans7.ltrans.o
LOAD C:\Users\Reggie\AppData\Local\Temp\ccAKa3Rn.ltrans8.ltrans.o
LOAD C:\Users\Reggie\AppData\Local\Temp\ccAKa3Rn.ltrans9.ltrans.o
LOAD c:/program files (x86)/gnu tools arm embedded/4.8 2013q4/bin/../lib/gcc/arm-none-eabi/4.8.3/armv7e-m/fpu\libgcc.a
LOAD c:/program files (x86)/gnu tools arm embedded/4.8 2013q4/bin/../lib/gcc/arm-none-eabi/4.8.3/../../../../arm-none-eabi/lib/armv7e-m/fpu\libc.a
LOAD ./USB/usb_bsp.o
LOAD ./USB/usbh_usr.o
LOAD ./System/my_stm32f4_discovery.o
LOAD ./System/my_stm32f4_discovery_audio_codec.o
LOAD ./System/startup_stm32f4xx.o
LOAD ./System/stm32fxxx_it.o
LOAD ./System/system_stm32f4xx.o
LOAD ./Synth/adsr.o
LOAD ./Synth/audio.o
LOAD ./Synth/blepvco.o
LOAD ./Synth/chorusFD.o
LOAD ./Synth/delay.o
LOAD ./Synth/drifter.o
LOAD ./Synth/main.o
LOAD ./Synth/math_tools.o
LOAD ./Synth/midi_interface.o
LOAD ./Synth/minblep_tables.o
LOAD ./Synth/notesTables.o
LOAD ./Synth/oscillators.o
LOAD ./Synth/phaser.o
LOAD ./Synth/random.o
LOAD ./Synth/resonantFilter.o
LOAD ./Synth/sequencer.o
LOAD ./Synth/sinetable.o
LOAD ./Synth/soundGen.o
LOAD ./Synth/timers.o
LOAD ./Lib/STM32_USB_OTG_Driver/src/usb_core.o
LOAD ./Lib/STM32_USB_OTG_Driver/src/usb_hcd.o
LOAD ./Lib/STM32_USB_OTG_Driver/src/usb_hcd_int.o
LOAD ./Lib/STM32_USB_HOST_Library/Core/src/usbh_core.o
LOAD ./Lib/STM32_USB_HOST_Library/Core/src/usbh_hcs.o
LOAD ./Lib/STM32_USB_HOST_Library/Core/src/usbh_ioreq.o
LOAD ./Lib/STM32_USB_HOST_Library/Core/src/usbh_stdreq.o
LOAD ./Lib/STM32F4xx_StdPeriph_Driver/src/misc.o
LOAD ./Lib/STM32F4xx_StdPeriph_Driver/src/stm32f4xx_dac.o
LOAD ./Lib/STM32F4xx_StdPeriph_Driver/src/stm32f4xx_dma.o
LOAD ./Lib/STM32F4xx_StdPeriph_Driver/src/stm32f4xx_exti.o
LOAD ./Lib/STM32F4xx_StdPeriph_Driver/src/stm32f4xx_gpio.o
LOAD ./Lib/STM32F4xx_StdPeriph_Driver/src/stm32f4xx_i2c.o
LOAD ./Lib/STM32F4xx_StdPeriph_Driver/src/stm32f4xx_rcc.o
LOAD ./Lib/STM32F4xx_StdPeriph_Driver/src/stm32f4xx_rng.o
LOAD ./Lib/STM32F4xx_StdPeriph_Driver/src/stm32f4xx_spi.o
LOAD ./Lib/STM32F4xx_StdPeriph_Driver/src/stm32f4xx_syscfg.o
LOAD ./Lib/STM32F4xx_StdPeriph_Driver/src/stm32f4xx_tim.o
LOAD c:/program files (x86)/gnu tools arm embedded/4.8 2013q4/bin/../lib/gcc/arm-none-eabi/4.8.3/../../../../arm-none-eabi/lib/armv7e-m/fpu\libm.a
START GROUP
LOAD c:/program files (x86)/gnu tools arm embedded/4.8 2013q4/bin/../lib/gcc/arm-none-eabi/4.8.3/armv7e-m/fpu\libgcc.a
LOAD c:/program files (x86)/gnu tools arm embedded/4.8 2013q4/bin/../lib/gcc/arm-none-eabi/4.8.3/../../../../arm-none-eabi/lib/armv7e-m/fpu\libc.a
END GROUP
                0x20020000                _eram = 0x20020000

.ccm            0x10000000     0x3eec
                0x10000000                . = ALIGN (0x4)
 *(.ccm)
 .ccm           0x10000000     0x3ee8 C:\Users\Reggie\AppData\Local\Temp\ccAKa3Rn.ltrans0.ltrans.o
                0x10000000                a
                0x1000002c                mbSawOsc
                0x10000578                mbRectOsc
                0x10000ad4                mbTriOsc
                0x1000102c                env.7664
                0x10001030                vol.7665
                0x10001034                sound.7658
                0x10001035                autoFilterON.7661
                0x10001036                autoSound.7655
                0x10001037                chorusON.7662
                0x10001038                delayON.7660
                0x10001039                phaserON.7663
                0x1000103a                sequencerON.7657
                0x1000103c                d1
                0x10001068                d2
                0x10001094                d3
                0x100010c0                seq
                0x100010f4                noteG
                0x10001104                adsr
                0x1000112c                delL.6040
                0x10002724                delR.6037
                0x10003d1c                lfoL.6041
                0x10003d2c                lfoR.6039
                0x10003d3c                SVFilter
                0x10003d5c                SVFilter2
                0x10003d7c                op1
                0x10003da4                op2
                0x10003dcc                op3
                0x10003df4                op4
                0x10003e1c                vibr_lfo
                0x10003e44                filt_lfo
                0x10003e6c                filt2_lfo
                0x10003e94                amp_lfo
                0x10003ebc                ph
 .ccm           0x10003ee8        0x4 C:\Users\Reggie\AppData\Local\Temp\ccAKa3Rn.ltrans1.ltrans.o
                0x10003ee8                f0.7695
 *(.ccm.*)
                0x10003eec                . = ALIGN (0x4)

.text           0x08000000    0x1ded2
 *(.isr_vector .isr_vector.*)
 .isr_vector    0x08000000      0x188 C:\Users\Reggie\AppData\Local\Temp\ccAKa3Rn.ltrans8.ltrans.o
                0x08000000                g_pfnVectors
 *(.text .text.* .gnu.linkonce.t.*)
 .text.startup.main
                0x08000188     0x24f0 C:\Users\Reggie\AppData\Local\Temp\ccAKa3Rn.ltrans0.ltrans.o
                0x08000188                main
 .text.make_sound.constprop.55
                0x08002678     0x39c8 C:\Users\Reggie\AppData\Local\Temp\ccAKa3Rn.ltrans1.ltrans.o
                0x08002678                make_sound.constprop.55
 .text.USBH_MIDI_Handle.4181
                0x08006040     0x1f2c C:\Users\Reggie\AppData\Local\Temp\ccAKa3Rn.ltrans2.ltrans.o
                0x08006040                USBH_MIDI_Handle.4181
 .text.SysTick_Handler
                0x08007f6c       0xc4 C:\Users\Reggie\AppData\Local\Temp\ccAKa3Rn.ltrans3.ltrans.o
                0x08007f6c                SysTick_Handler
 .text.USBH_USR_DeviceDisconnected
                0x08008030       0x10 C:\Users\Reggie\AppData\Local\Temp\ccAKa3Rn.ltrans3.ltrans.o
                0x08008030                USBH_USR_DeviceDisconnected
 .text.USBH_USR_UnrecoveredError
                0x08008040       0x10 C:\Users\Reggie\AppData\Local\Temp\ccAKa3Rn.ltrans3.ltrans.o
                0x08008040                USBH_USR_UnrecoveredError
 .text.USBH_USR_EnumerationDone
                0x08008050       0x10 C:\Users\Reggie\AppData\Local\Temp\ccAKa3Rn.ltrans3.ltrans.o
                0x08008050                USBH_USR_EnumerationDone
 .text.USBH_USR_OverCurrentDetected
                0x08008060       0x10 C:\Users\Reggie\AppData\Local\Temp\ccAKa3Rn.ltrans3.ltrans.o
                0x08008060                USBH_USR_OverCurrentDetected
 .text.SPI3_IRQHandler
                0x08008070       0x40 C:\Users\Reggie\AppData\Local\Temp\ccAKa3Rn.ltrans3.ltrans.o
                0x08008070                SPI3_IRQHandler
 .text.TIM2_IRQHandler
                0x080080b0       0x3c C:\Users\Reggie\AppData\Local\Temp\ccAKa3Rn.ltrans3.ltrans.o
                0x080080b0                TIM2_IRQHandler
 .text.USBH_USR_DeviceNotSupported
                0x080080ec       0x10 C:\Users\Reggie\AppData\Local\Temp\ccAKa3Rn.ltrans3.ltrans.o
                0x080080ec                USBH_USR_DeviceNotSupported
 .text.EXTI1_IRQHandler
                0x080080fc       0x24 C:\Users\Reggie\AppData\Local\Temp\ccAKa3Rn.ltrans3.ltrans.o
                0x080080fc                EXTI1_IRQHandler
 .text.USBH_SOF
                0x08008120        0x4 C:\Users\Reggie\AppData\Local\Temp\ccAKa3Rn.ltrans3.ltrans.o
                0x08008120                USBH_SOF
 .text.USBH_Disconnected
                0x08008124        0xc C:\Users\Reggie\AppData\Local\Temp\ccAKa3Rn.ltrans3.ltrans.o
                0x08008124                USBH_Disconnected
 .text.USBH_Connected
                0x08008130        0xc C:\Users\Reggie\AppData\Local\Temp\ccAKa3Rn.ltrans3.ltrans.o
                0x08008130                USBH_Connected
 .text.PendSV_Handler
                0x0800813c        0x4 C:\Users\Reggie\AppData\Local\Temp\ccAKa3Rn.ltrans3.ltrans.o
                0x0800813c                PendSV_Handler
 .text.DebugMon_Handler
                0x08008140        0x4 C:\Users\Reggie\AppData\Local\Temp\ccAKa3Rn.ltrans3.ltrans.o
                0x08008140                DebugMon_Handler
 .text.SVC_Handler
                0x08008144        0x4 C:\Users\Reggie\AppData\Local\Temp\ccAKa3Rn.ltrans3.ltrans.o
                0x08008144                SVC_Handler
 .text.UsageFault_Handler
                0x08008148        0x4 C:\Users\Reggie\AppData\Local\Temp\ccAKa3Rn.ltrans3.ltrans.o
                0x08008148                UsageFault_Handler
 .text.BusFault_Handler
                0x0800814c        0x4 C:\Users\Reggie\AppData\Local\Temp\ccAKa3Rn.ltrans3.ltrans.o
                0x0800814c                BusFault_Handler
 .text.MemManage_Handler
                0x08008150        0x4 C:\Users\Reggie\AppData\Local\Temp\ccAKa3Rn.ltrans3.ltrans.o
                0x08008150                MemManage_Handler
 .text.HardFault_Handler
                0x08008154        0x4 C:\Users\Reggie\AppData\Local\Temp\ccAKa3Rn.ltrans3.ltrans.o
                0x08008154                HardFault_Handler
 .text.NMI_Handler
                0x08008158        0x4 C:\Users\Reggie\AppData\Local\Temp\ccAKa3Rn.ltrans3.ltrans.o
                0x08008158                NMI_Handler
 .text.USBH_USR_MIDI_Application
                0x0800815c        0x4 C:\Users\Reggie\AppData\Local\Temp\ccAKa3Rn.ltrans3.ltrans.o
                0x0800815c                USBH_USR_MIDI_Application
 .text.USBH_USR_DeInit
                0x08008160        0x4 C:\Users\Reggie\AppData\Local\Temp\ccAKa3Rn.ltrans3.ltrans.o
                0x08008160                USBH_USR_DeInit
 .text.USBH_USR_UserInput
                0x08008164        0x4 C:\Users\Reggie\AppData\Local\Temp\ccAKa3Rn.ltrans3.ltrans.o
                0x08008164                USBH_USR_UserInput
 .text.USBH_USR_SerialNum_String
                0x08008168        0x4 C:\Users\Reggie\AppData\Local\Temp\ccAKa3Rn.ltrans3.ltrans.o
                0x08008168                USBH_USR_SerialNum_String
 .text.USBH_USR_Product_String
                0x0800816c        0x4 C:\Users\Reggie\AppData\Local\Temp\ccAKa3Rn.ltrans3.ltrans.o
                0x0800816c                USBH_USR_Product_String
 .text.USBH_USR_Manufacturer_String
                0x08008170        0x4 C:\Users\Reggie\AppData\Local\Temp\ccAKa3Rn.ltrans3.ltrans.o
                0x08008170                USBH_USR_Manufacturer_String
 .text.USBH_USR_Configuration_DescAvailable
                0x08008174        0x4 C:\Users\Reggie\AppData\Local\Temp\ccAKa3Rn.ltrans3.ltrans.o
                0x08008174                USBH_USR_Configuration_DescAvailable
 .text.USBH_USR_DeviceAddressAssigned
                0x08008178        0x4 C:\Users\Reggie\AppData\Local\Temp\ccAKa3Rn.ltrans3.ltrans.o
                0x08008178                USBH_USR_DeviceAddressAssigned
 .text.USBH_USR_Device_DescAvailable
                0x0800817c        0x4 C:\Users\Reggie\AppData\Local\Temp\ccAKa3Rn.ltrans3.ltrans.o
                0x0800817c                USBH_USR_Device_DescAvailable
 .text.USBH_USR_DeviceSpeedDetected
                0x08008180        0x4 C:\Users\Reggie\AppData\Local\Temp\ccAKa3Rn.ltrans3.ltrans.o
                0x08008180                USBH_USR_DeviceSpeedDetected
 .text.USBH_USR_ResetDevice
                0x08008184        0x4 C:\Users\Reggie\AppData\Local\Temp\ccAKa3Rn.ltrans3.ltrans.o
                0x08008184                USBH_USR_ResetDevice
 .text.USBH_USR_DeviceAttached
                0x08008188        0x4 C:\Users\Reggie\AppData\Local\Temp\ccAKa3Rn.ltrans3.ltrans.o
                0x08008188                USBH_USR_DeviceAttached
 .text.USBH_USR_Init
                0x0800818c        0x4 C:\Users\Reggie\AppData\Local\Temp\ccAKa3Rn.ltrans3.ltrans.o
                0x0800818c                USBH_USR_Init
 .text.USBH_MIDI_ClassRequest.4167
                0x08008190        0x4 C:\Users\Reggie\AppData\Local\Temp\ccAKa3Rn.ltrans3.ltrans.o
                0x08008190                USBH_MIDI_ClassRequest.4167
 .text.delay_read.4570
                0x08008194       0xf8 C:\Users\Reggie\AppData\Local\Temp\ccAKa3Rn.ltrans3.ltrans.o
 .text.drifter_newSegment
                0x0800828c       0x98 C:\Users\Reggie\AppData\Local\Temp\ccAKa3Rn.ltrans3.ltrans.o
                0x0800828c                drifter_newSegment
 .text.seq_sequence_new
                0x08008324       0xd8 C:\Users\Reggie\AppData\Local\Temp\ccAKa3Rn.ltrans3.ltrans.o
                0x08008324                seq_sequence_new
 .text.BSP_Delay.4434
                0x080083fc       0x90 C:\Users\Reggie\AppData\Local\Temp\ccAKa3Rn.ltrans3.ltrans.o
                0x080083fc                BSP_Delay.4434
 .text.unlikely.USB_OTG_CoreReset.7769.constprop.13
                0x0800848c       0x58 C:\Users\Reggie\AppData\Local\Temp\ccAKa3Rn.ltrans3.ltrans.o
                0x0800848c                USB_OTG_CoreReset.7769.constprop.13
 .text.USB_OTG_HC_StartXfer.constprop.109
                0x080084e4      0x134 C:\Users\Reggie\AppData\Local\Temp\ccAKa3Rn.ltrans3.ltrans.o
                0x080084e4                USB_OTG_HC_StartXfer.constprop.109
 .text.DMA_Init.constprop.49
                0x08008618       0x8c C:\Users\Reggie\AppData\Local\Temp\ccAKa3Rn.ltrans3.ltrans.o
                0x08008618                DMA_Init.constprop.49
 .text.RCC_APB1PeriphResetCmd.part.8.10847
                0x080086a4       0x10 C:\Users\Reggie\AppData\Local\Temp\ccAKa3Rn.ltrans3.ltrans.o
                0x080086a4                RCC_APB1PeriphResetCmd.part.8.10847
 .text.GPIO_Init
                0x080086b4       0xc0 C:\Users\Reggie\AppData\Local\Temp\ccAKa3Rn.ltrans3.ltrans.o
                0x080086b4                GPIO_Init
 .text.STM_EVAL_LEDInit
                0x08008774       0x50 C:\Users\Reggie\AppData\Local\Temp\ccAKa3Rn.ltrans3.ltrans.o
                0x08008774                STM_EVAL_LEDInit
 .text.unlikely.USB_OTG_BSP_ConfigVBUS
                0x080087c4       0x48 C:\Users\Reggie\AppData\Local\Temp\ccAKa3Rn.ltrans3.ltrans.o
                0x080087c4                USB_OTG_BSP_ConfigVBUS
 .text.NVIC_Init
                0x0800880c       0x74 C:\Users\Reggie\AppData\Local\Temp\ccAKa3Rn.ltrans3.ltrans.o
                0x0800880c                NVIC_Init
 .text.USB_OTG_HC_Init
                0x08008880       0xe4 C:\Users\Reggie\AppData\Local\Temp\ccAKa3Rn.ltrans3.ltrans.o
                0x08008880                USB_OTG_HC_Init
 .text.USBH_MIDI_InterfaceInit.4189
                0x08008964      0x270 C:\Users\Reggie\AppData\Local\Temp\ccAKa3Rn.ltrans3.ltrans.o
                0x08008964                USBH_MIDI_InterfaceInit.4189
 .text.mono_chorus_compute
                0x08008bd4      0x14c C:\Users\Reggie\AppData\Local\Temp\ccAKa3Rn.ltrans3.ltrans.o
                0x08008bd4                mono_chorus_compute
 .text.Default_Handler.5166.4590
                0x08008d20        0x4 C:\Users\Reggie\AppData\Local\Temp\ccAKa3Rn.ltrans3.ltrans.o
                0x08008d20                RTC_Alarm_IRQHandler
                0x08008d20                HASH_RNG_IRQHandler
                0x08008d20                EXTI2_IRQHandler
                0x08008d20                TIM8_CC_IRQHandler
                0x08008d20                TIM1_CC_IRQHandler
                0x08008d20                DMA2_Stream5_IRQHandler
                0x08008d20                DMA1_Stream5_IRQHandler
                0x08008d20                PVD_IRQHandler
                0x08008d20                SDIO_IRQHandler
                0x08008d20                TAMP_STAMP_IRQHandler
                0x08008d20                CAN2_RX1_IRQHandler
                0x08008d20                EXTI3_IRQHandler
                0x08008d20                TIM8_TRG_COM_TIM14_IRQHandler
                0x08008d20                TIM1_UP_TIM10_IRQHandler
                0x08008d20                TIM8_UP_TIM13_IRQHandler
                0x08008d20                I2C3_ER_IRQHandler
                0x08008d20                EXTI0_IRQHandler
                0x08008d20                I2C2_EV_IRQHandler
                0x08008d20                DMA1_Stream2_IRQHandler
                0x08008d20                CAN1_RX0_IRQHandler
                0x08008d20                FPU_IRQHandler
                0x08008d20                OTG_HS_WKUP_IRQHandler
                0x08008d20                CAN2_SCE_IRQHandler
                0x08008d20                DMA2_Stream2_IRQHandler
                0x08008d20                SPI1_IRQHandler
                0x08008d20                TIM6_DAC_IRQHandler
                0x08008d20                TIM1_BRK_TIM9_IRQHandler
                0x08008d20                DCMI_IRQHandler
                0x08008d20                CAN2_RX0_IRQHandler
                0x08008d20                DMA2_Stream3_IRQHandler
                0x08008d20                USART6_IRQHandler
                0x08008d20                USART3_IRQHandler
                0x08008d20                CRYP_IRQHandler
                0x08008d20                CAN1_RX1_IRQHandler
                0x08008d20                UART5_IRQHandler
                0x08008d20                DMA2_Stream0_IRQHandler
                0x08008d20                TIM4_IRQHandler
                0x08008d20                I2C1_EV_IRQHandler
                0x08008d20                DMA1_Stream6_IRQHandler
                0x08008d20                DMA1_Stream1_IRQHandler
                0x08008d20                UART4_IRQHandler
                0x08008d20                TIM3_IRQHandler
                0x08008d20                RCC_IRQHandler
                0x08008d20                TIM8_BRK_TIM12_IRQHandler
                0x08008d20                EXTI15_10_IRQHandler
                0x08008d20                ADC_IRQHandler
                0x08008d20                TIM7_IRQHandler
                0x08008d20                CAN2_TX_IRQHandler
                0x08008d20                TIM5_IRQHandler
                0x08008d20                DMA2_Stream7_IRQHandler
                0x08008d20                I2C3_EV_IRQHandler
                0x08008d20                EXTI9_5_IRQHandler
                0x08008d20                RTC_WKUP_IRQHandler
                0x08008d20                ETH_WKUP_IRQHandler
                0x08008d20                SPI2_IRQHandler
                0x08008d20                OTG_HS_EP1_IN_IRQHandler
                0x08008d20                CAN1_TX_IRQHandler
                0x08008d20                EXTI4_IRQHandler
                0x08008d20                FSMC_IRQHandler
                0x08008d20                ETH_IRQHandler
                0x08008d20                OTG_HS_EP1_OUT_IRQHandler
                0x08008d20                WWDG_IRQHandler
                0x08008d20                OTG_FS_WKUP_IRQHandler
                0x08008d20                TIM1_TRG_COM_TIM11_IRQHandler
                0x08008d20                OTG_HS_IRQHandler
                0x08008d20                USART2_IRQHandler
                0x08008d20                I2C2_ER_IRQHandler
                0x08008d20                DMA2_Stream1_IRQHandler
                0x08008d20                CAN1_SCE_IRQHandler
                0x08008d20                FLASH_IRQHandler
                0x08008d20                DMA2_Stream4_IRQHandler
                0x08008d20                USART1_IRQHandler
                0x08008d20                DMA1_Stream4_IRQHandler
                0x08008d20                I2C1_ER_IRQHandler
                0x08008d20                DMA2_Stream6_IRQHandler
                0x08008d20                DMA1_Stream3_IRQHandler
 .text.Codec_WriteRegister.4973
                0x08008d24      0x358 C:\Users\Reggie\AppData\Local\Temp\ccAKa3Rn.ltrans4.ltrans.o
                0x08008d24                Codec_WriteRegister.4973
 .text.USB_OTG_ResetPort
                0x0800907c      0x110 C:\Users\Reggie\AppData\Local\Temp\ccAKa3Rn.ltrans4.ltrans.o
                0x0800907c                USB_OTG_ResetPort
 .text.SVF_calcSample
                0x0800918c      0x244 C:\Users\Reggie\AppData\Local\Temp\ccAKa3Rn.ltrans4.ltrans.o
                0x0800918c                SVF_calcSample
 .text.Filter1Freq_incdec
                0x080093d0      0x164 C:\Users\Reggie\AppData\Local\Temp\ccAKa3Rn.ltrans4.ltrans.o
                0x080093d0                Filter1Freq_incdec
 .text.MagicPatch.part.5.6511
                0x08009534      0xc54 C:\Users\Reggie\AppData\Local\Temp\ccAKa3Rn.ltrans5.ltrans.o
                0x08009534                MagicPatch.part.5.6511
 .text.USBH_MIDI_InterfaceDeInit.4173
                0x0800a188       0xcc C:\Users\Reggie\AppData\Local\Temp\ccAKa3Rn.ltrans6.ltrans.o
                0x0800a188                USBH_MIDI_InterfaceDeInit.4173
 .text.MagicFX.part.1.6503
                0x0800a254      0x44c C:\Users\Reggie\AppData\Local\Temp\ccAKa3Rn.ltrans6.ltrans.o
                0x0800a254                MagicFX.part.1.6503
 .text.MagicChorus.part.4.6509
                0x0800a6a0      0x24c C:\Users\Reggie\AppData\Local\Temp\ccAKa3Rn.ltrans6.ltrans.o
                0x0800a6a0                MagicChorus.part.4.6509
 .text.MagicDelay.part.2.6505
                0x0800a8ec      0x104 C:\Users\Reggie\AppData\Local\Temp\ccAKa3Rn.ltrans6.ltrans.o
                0x0800a8ec                MagicDelay.part.2.6505
 .text.MagicPhaser.part.3.6507
                0x0800a9f0      0x108 C:\Users\Reggie\AppData\Local\Temp\ccAKa3Rn.ltrans6.ltrans.o
                0x0800a9f0                MagicPhaser.part.3.6507
 .text.inc_dec_volume
                0x0800aaf8       0xac C:\Users\Reggie\AppData\Local\Temp\ccAKa3Rn.ltrans6.ltrans.o
                0x0800aaf8                inc_dec_volume
 .text.USB_OTG_USBH_handle_hc_n_Out_ISR.8617
                0x0800aba4      0xb3c C:\Users\Reggie\AppData\Local\Temp\ccAKa3Rn.ltrans7.ltrans.o
                0x0800aba4                USB_OTG_USBH_handle_hc_n_Out_ISR.8617
 .text.USB_OTG_USBH_handle_port_ISR.8614
                0x0800b6e0      0x1a8 C:\Users\Reggie\AppData\Local\Temp\ccAKa3Rn.ltrans7.ltrans.o
                0x0800b6e0                USB_OTG_USBH_handle_port_ISR.8614
 .text.USB_OTG_USBH_handle_ptxfempty_ISR.8611
                0x0800b888      0x1e4 C:\Users\Reggie\AppData\Local\Temp\ccAKa3Rn.ltrans7.ltrans.o
                0x0800b888                USB_OTG_USBH_handle_ptxfempty_ISR.8611
 .text.USB_OTG_USBH_handle_nptxfempty_ISR.8608
                0x0800ba6c      0x1e4 C:\Users\Reggie\AppData\Local\Temp\ccAKa3Rn.ltrans7.ltrans.o
                0x0800ba6c                USB_OTG_USBH_handle_nptxfempty_ISR.8608
 .text.USB_OTG_USBH_handle_Disconnect_ISR.8605
                0x0800bc50       0x34 C:\Users\Reggie\AppData\Local\Temp\ccAKa3Rn.ltrans7.ltrans.o
                0x0800bc50                USB_OTG_USBH_handle_Disconnect_ISR.8605
 .text.USB_OTG_USBH_handle_sof_ISR.8462
                0x0800bc84       0x34 C:\Users\Reggie\AppData\Local\Temp\ccAKa3Rn.ltrans7.ltrans.o
                0x0800bc84                USB_OTG_USBH_handle_sof_ISR.8462
 .text.Default_Reset_Handler.4199
                0x0800bcb8      0x174 C:\Users\Reggie\AppData\Local\Temp\ccAKa3Rn.ltrans7.ltrans.o
                0x0800bcb8                Reset_Handler
 .text.USB_OTG_USBH_handle_IncompletePeriodicXfer_ISR.8631.4166
                0x0800be2c       0x50 C:\Users\Reggie\AppData\Local\Temp\ccAKa3Rn.ltrans8.ltrans.o
 .text.USB_OTG_USBH_handle_rx_qlvl_ISR.8628.4169
                0x0800be7c      0x1cc C:\Users\Reggie\AppData\Local\Temp\ccAKa3Rn.ltrans8.ltrans.o
 .text.USB_OTG_USBH_handle_hc_n_In_ISR.8621.4183
                0x0800c048      0xa48 C:\Users\Reggie\AppData\Local\Temp\ccAKa3Rn.ltrans8.ltrans.o
 .text.USB_OTG_USBH_handle_hc_ISR.8625.4177
                0x0800ca90       0x90 C:\Users\Reggie\AppData\Local\Temp\ccAKa3Rn.ltrans8.ltrans.o
 .text.USBH_OTG_ISR_Handler.4013
                0x0800cb20      0x128 C:\Users\Reggie\AppData\Local\Temp\ccAKa3Rn.ltrans8.ltrans.o
 .text.OTG_FS_IRQHandler.4010
                0x0800cc48        0xc C:\Users\Reggie\AppData\Local\Temp\ccAKa3Rn.ltrans8.ltrans.o
 .text.DMA1_Stream0_IRQHandler
                0x0800cc54       0x58 C:\Users\Reggie\AppData\Local\Temp\ccAKa3Rn.ltrans9.ltrans.o
                0x0800cc54                DMA1_Stream0_IRQHandler
 .text.DMA1_Stream7_IRQHandler
                0x0800ccac       0x58 C:\Users\Reggie\AppData\Local\Temp\ccAKa3Rn.ltrans9.ltrans.o
                0x0800ccac                DMA1_Stream7_IRQHandler
 .text.fabsf    0x0800cd04       0x10 c:/program files (x86)/gnu tools arm embedded/4.8 2013q4/bin/../lib/gcc/arm-none-eabi/4.8.3/../../../../arm-none-eabi/lib/armv7e-m/fpu\libm.a(lib_a-sf_fabs.o)
                0x0800cd04                fabsf
 .text.floorf   0x0800cd14       0xa0 c:/program files (x86)/gnu tools arm embedded/4.8 2013q4/bin/../lib/gcc/arm-none-eabi/4.8.3/../../../../arm-none-eabi/lib/armv7e-m/fpu\libm.a(lib_a-sf_floor.o)
                0x0800cd14                floorf
 .text.lrintf   0x0800cdb4       0x94 c:/program files (x86)/gnu tools arm embedded/4.8 2013q4/bin/../lib/gcc/arm-none-eabi/4.8.3/../../../../arm-none-eabi/lib/armv7e-m/fpu\libm.a(lib_a-sf_lrint.o)
                0x0800cdb4                lrintf
 .text.rintf    0x0800ce48       0xd0 c:/program files (x86)/gnu tools arm embedded/4.8 2013q4/bin/../lib/gcc/arm-none-eabi/4.8.3/../../../../arm-none-eabi/lib/armv7e-m/fpu\libm.a(lib_a-sf_rint.o)
                0x0800ce48                rintf
 .text.sinf     0x0800cf18       0x7c c:/program files (x86)/gnu tools arm embedded/4.8 2013q4/bin/../lib/gcc/arm-none-eabi/4.8.3/../../../../arm-none-eabi/lib/armv7e-m/fpu\libm.a(lib_a-sf_sin.o)
                0x0800cf18                sinf
 .text.powf     0x0800cf94      0x348 c:/program files (x86)/gnu tools arm embedded/4.8 2013q4/bin/../lib/gcc/arm-none-eabi/4.8.3/../../../../arm-none-eabi/lib/armv7e-m/fpu\libm.a(lib_a-wf_pow.o)
                0x0800cf94                powf
 .text.__ieee754_powf
                0x0800d2dc      0x5c8 c:/program files (x86)/gnu tools arm embedded/4.8 2013q4/bin/../lib/gcc/arm-none-eabi/4.8.3/../../../../arm-none-eabi/lib/armv7e-m/fpu\libm.a(lib_a-ef_pow.o)
                0x0800d2dc                __ieee754_powf
 .text.__ieee754_rem_pio2f
                0x0800d8a4      0x28c c:/program files (x86)/gnu tools arm embedded/4.8 2013q4/bin/../lib/gcc/arm-none-eabi/4.8.3/../../../../arm-none-eabi/lib/armv7e-m/fpu\libm.a(lib_a-ef_rem_pio2.o)
                0x0800d8a4                __ieee754_rem_pio2f
 .text.__ieee754_sqrtf
                0x0800db30       0xa4 c:/program files (x86)/gnu tools arm embedded/4.8 2013q4/bin/../lib/gcc/arm-none-eabi/4.8.3/../../../../arm-none-eabi/lib/armv7e-m/fpu\libm.a(lib_a-ef_sqrt.o)
                0x0800db30                __ieee754_sqrtf
 .text.__kernel_cosf
                0x0800dbd4      0x104 c:/program files (x86)/gnu tools arm embedded/4.8 2013q4/bin/../lib/gcc/arm-none-eabi/4.8.3/../../../../arm-none-eabi/lib/armv7e-m/fpu\libm.a(lib_a-kf_cos.o)
                0x0800dbd4                __kernel_cosf
 .text.__kernel_rem_pio2f
                0x0800dcd8      0x5cc c:/program files (x86)/gnu tools arm embedded/4.8 2013q4/bin/../lib/gcc/arm-none-eabi/4.8.3/../../../../arm-none-eabi/lib/armv7e-m/fpu\libm.a(lib_a-kf_rem_pio2.o)
                0x0800dcd8                __kernel_rem_pio2f
 .text.__kernel_sinf
                0x0800e2a4       0x90 c:/program files (x86)/gnu tools arm embedded/4.8 2013q4/bin/../lib/gcc/arm-none-eabi/4.8.3/../../../../arm-none-eabi/lib/armv7e-m/fpu\libm.a(lib_a-kf_sin.o)
                0x0800e2a4                __kernel_sinf
 .text.matherr  0x0800e334        0x4 c:/program files (x86)/gnu tools arm embedded/4.8 2013q4/bin/../lib/gcc/arm-none-eabi/4.8.3/../../../../arm-none-eabi/lib/armv7e-m/fpu\libm.a(lib_a-s_matherr.o)
                0x0800e334                matherr
 .text.rint     0x0800e338      0x120 c:/program files (x86)/gnu tools arm embedded/4.8 2013q4/bin/../lib/gcc/arm-none-eabi/4.8.3/../../../../arm-none-eabi/lib/armv7e-m/fpu\libm.a(lib_a-s_rint.o)
                0x0800e338                rint
 .text.finitef  0x0800e458       0x14 c:/program files (x86)/gnu tools arm embedded/4.8 2013q4/bin/../lib/gcc/arm-none-eabi/4.8.3/../../../../arm-none-eabi/lib/armv7e-m/fpu\libm.a(lib_a-sf_finite.o)
                0x0800e458                finitef
 .text.__fpclassifyf
                0x0800e46c       0x38 c:/program files (x86)/gnu tools arm embedded/4.8 2013q4/bin/../lib/gcc/arm-none-eabi/4.8.3/../../../../arm-none-eabi/lib/armv7e-m/fpu\libm.a(lib_a-sf_fpclassify.o)
                0x0800e46c                __fpclassifyf
 .text.nanf     0x0800e4a4        0xc c:/program files (x86)/gnu tools arm embedded/4.8 2013q4/bin/../lib/gcc/arm-none-eabi/4.8.3/../../../../arm-none-eabi/lib/armv7e-m/fpu\libm.a(lib_a-sf_nan.o)
                0x0800e4a4                nanf
 .text.scalbnf  0x0800e4b0       0xd8 c:/program files (x86)/gnu tools arm embedded/4.8 2013q4/bin/../lib/gcc/arm-none-eabi/4.8.3/../../../../arm-none-eabi/lib/armv7e-m/fpu\libm.a(lib_a-sf_scalbn.o)
                0x0800e4b0                scalbnf
 .text.copysignf
                0x0800e588       0x18 c:/program files (x86)/gnu tools arm embedded/4.8 2013q4/bin/../lib/gcc/arm-none-eabi/4.8.3/../../../../arm-none-eabi/lib/armv7e-m/fpu\libm.a(lib_a-sf_copysign.o)
                0x0800e588                copysignf
 .text          0x0800e5a0      0x370 c:/program files (x86)/gnu tools arm embedded/4.8 2013q4/bin/../lib/gcc/arm-none-eabi/4.8.3/armv7e-m/fpu\libgcc.a(_arm_addsubdf3.o)
                0x0800e5a0                __aeabi_drsub
                0x0800e5a8                __aeabi_dsub
                0x0800e5a8                __subdf3
                0x0800e5ac                __aeabi_dadd
                0x0800e5ac                __adddf3
                0x0800e824                __floatunsidf
                0x0800e824                __aeabi_ui2d
                0x0800e844                __floatsidf
                0x0800e844                __aeabi_i2d
                0x0800e868                __aeabi_f2d
                0x0800e868                __extendsfdf2
                0x0800e8a4                __floatundidf
                0x0800e8a4                __aeabi_ul2d
                0x0800e8b4                __floatdidf
                0x0800e8b4                __aeabi_l2d
 .text          0x0800e910      0x424 c:/program files (x86)/gnu tools arm embedded/4.8 2013q4/bin/../lib/gcc/arm-none-eabi/4.8.3/armv7e-m/fpu\libgcc.a(_arm_muldivdf3.o)
                0x0800e910                __aeabi_dmul
                0x0800e910                __muldf3
                0x0800eb64                __divdf3
                0x0800eb64                __aeabi_ddiv
 .text          0x0800ed34      0x110 c:/program files (x86)/gnu tools arm embedded/4.8 2013q4/bin/../lib/gcc/arm-none-eabi/4.8.3/armv7e-m/fpu\libgcc.a(_arm_cmpdf2.o)
                0x0800ed34                __gtdf2
                0x0800ed34                __gedf2
                0x0800ed3c                __ltdf2
                0x0800ed3c                __ledf2
                0x0800ed44                __nedf2
                0x0800ed44                __eqdf2
                0x0800ed44                __cmpdf2
                0x0800edc0                __aeabi_cdrcmple
                0x0800edd0                __aeabi_cdcmpeq
                0x0800edd0                __aeabi_cdcmple
                0x0800ede0                __aeabi_dcmpeq
                0x0800edf4                __aeabi_dcmplt
                0x0800ee08                __aeabi_dcmple
                0x0800ee1c                __aeabi_dcmpge
                0x0800ee30                __aeabi_dcmpgt
 .text          0x0800ee44       0xa0 c:/program files (x86)/gnu tools arm embedded/4.8 2013q4/bin/../lib/gcc/arm-none-eabi/4.8.3/armv7e-m/fpu\libgcc.a(_arm_truncdfsf2.o)
                0x0800ee44                __truncdfsf2
                0x0800ee44                __aeabi_d2f
 .text          0x0800eee4      0x134 c:/program files (x86)/gnu tools arm embedded/4.8 2013q4/bin/../lib/gcc/arm-none-eabi/4.8.3/../../../../arm-none-eabi/lib/armv7e-m/fpu\libc.a(lib_a-memcpy.o)
                0x0800eee4                memcpy
 .text.memset   0x0800f018       0x94 c:/program files (x86)/gnu tools arm embedded/4.8 2013q4/bin/../lib/gcc/arm-none-eabi/4.8.3/../../../../arm-none-eabi/lib/armv7e-m/fpu\libc.a(lib_a-memset.o)
                0x0800f018                memset
 .text.srand    0x0800f0ac       0x10 c:/program files (x86)/gnu tools arm embedded/4.8 2013q4/bin/../lib/gcc/arm-none-eabi/4.8.3/../../../../arm-none-eabi/lib/armv7e-m/fpu\libc.a(lib_a-rand.o)
                0x0800f0ac                srand
 .text.rand     0x0800f0bc       0x40 c:/program files (x86)/gnu tools arm embedded/4.8 2013q4/bin/../lib/gcc/arm-none-eabi/4.8.3/../../../../arm-none-eabi/lib/armv7e-m/fpu\libc.a(lib_a-rand.o)
                0x0800f0bc                rand
 *fill*         0x0800f0fc        0x4 
 .text.rand.__stub
                0x0800f100       0x10 linker stubs
 *(.glue_7t)
 .glue_7t       0x00000000        0x0 linker stubs
 *(.glue_7)
 .glue_7        0x00000000        0x0 linker stubs
 *(.rodata .rodata* .gnu.linkonce.r.*)
 .rodata.MIDIscale01
                0x0800f110        0x8 C:\Users\Reggie\AppData\Local\Temp\ccAKa3Rn.ltrans0.ltrans.o
                0x0800f110                MIDIscale01
 .rodata.CSWTCH.11.7286.7286
                0x0800f118       0x40 C:\Users\Reggie\AppData\Local\Temp\ccAKa3Rn.ltrans0.ltrans.o
                0x0800f118                CSWTCH.11.7286.7286
 .rodata.MIDIscale16
                0x0800f158       0x14 C:\Users\Reggie\AppData\Local\Temp\ccAKa3Rn.ltrans0.ltrans.o
                0x0800f158                MIDIscale16
 .rodata.MIDIscale10
                0x0800f16c        0x8 C:\Users\Reggie\AppData\Local\Temp\ccAKa3Rn.ltrans0.ltrans.o
                0x0800f16c                MIDIscale10
 .rodata.MIDIscale11
                0x0800f174        0x8 C:\Users\Reggie\AppData\Local\Temp\ccAKa3Rn.ltrans0.ltrans.o
                0x0800f174                MIDIscale11
 .rodata.MIDIscale12
                0x0800f17c       0x10 C:\Users\Reggie\AppData\Local\Temp\ccAKa3Rn.ltrans0.ltrans.o
                0x0800f17c                MIDIscale12
 .rodata.MIDIscale13
                0x0800f18c        0x4 C:\Users\Reggie\AppData\Local\Temp\ccAKa3Rn.ltrans0.ltrans.o
                0x0800f18c                MIDIscale13
 .rodata.MIDIscale14
                0x0800f190        0x4 C:\Users\Reggie\AppData\Local\Temp\ccAKa3Rn.ltrans0.ltrans.o
                0x0800f190                MIDIscale14
 .rodata.MIDIscale15
                0x0800f194       0x14 C:\Users\Reggie\AppData\Local\Temp\ccAKa3Rn.ltrans0.ltrans.o
                0x0800f194                MIDIscale15
 .rodata.MIDIscale02
                0x0800f1a8        0x8 C:\Users\Reggie\AppData\Local\Temp\ccAKa3Rn.ltrans0.ltrans.o
                0x0800f1a8                MIDIscale02
 .rodata.MIDIscale03
                0x0800f1b0        0x8 C:\Users\Reggie\AppData\Local\Temp\ccAKa3Rn.ltrans0.ltrans.o
                0x0800f1b0                MIDIscale03
 .rodata.MIDIscale04
                0x0800f1b8        0x8 C:\Users\Reggie\AppData\Local\Temp\ccAKa3Rn.ltrans0.ltrans.o
                0x0800f1b8                MIDIscale04
 .rodata.MIDIscale05
                0x0800f1c0        0x8 C:\Users\Reggie\AppData\Local\Temp\ccAKa3Rn.ltrans0.ltrans.o
                0x0800f1c0                MIDIscale05
 .rodata.MIDIscale06
                0x0800f1c8        0x8 C:\Users\Reggie\AppData\Local\Temp\ccAKa3Rn.ltrans0.ltrans.o
                0x0800f1c8                MIDIscale06
 .rodata.MIDIscale07
                0x0800f1d0        0x4 C:\Users\Reggie\AppData\Local\Temp\ccAKa3Rn.ltrans0.ltrans.o
                0x0800f1d0                MIDIscale07
 .rodata.MIDIscale08
                0x0800f1d4        0x4 C:\Users\Reggie\AppData\Local\Temp\ccAKa3Rn.ltrans0.ltrans.o
                0x0800f1d4                MIDIscale08
 .rodata.MIDIscale09
                0x0800f1d8        0x4 C:\Users\Reggie\AppData\Local\Temp\ccAKa3Rn.ltrans0.ltrans.o
                0x0800f1d8                MIDIscale09
 .rodata.str1.4
                0x0800f1dc        0x4 C:\Users\Reggie\AppData\Local\Temp\ccAKa3Rn.ltrans0.ltrans.o
 .rodata.sinetable
                0x0800f1e0     0x1004 C:\Users\Reggie\AppData\Local\Temp\ccAKa3Rn.ltrans1.ltrans.o
                0x0800f1e0                sinetable
 .rodata.step_dd_table
                0x080101e4     0x9008 C:\Users\Reggie\AppData\Local\Temp\ccAKa3Rn.ltrans1.ltrans.o
 .rodata.notesFreq
                0x080191ec      0x1ac C:\Users\Reggie\AppData\Local\Temp\ccAKa3Rn.ltrans1.ltrans.o
                0x080191ec                notesFreq
 .rodata.slope_dd_table.4401
                0x08019398     0x4704 C:\Users\Reggie\AppData\Local\Temp\ccAKa3Rn.ltrans1.ltrans.o
 .rodata.GPIO_CLK.4804
                0x0801da9c       0x10 C:\Users\Reggie\AppData\Local\Temp\ccAKa3Rn.ltrans3.ltrans.o
 .rodata.str1.4
                0x0801daac        0x8 C:\Users\Reggie\AppData\Local\Temp\ccAKa3Rn.ltrans6.ltrans.o
 .rodata.USBH_HCD_INT_fops.4224
                0x0801dab4        0x4 C:\Users\Reggie\AppData\Local\Temp\ccAKa3Rn.ltrans7.ltrans.o
 .rodata.GPIO_PIN
                0x0801dab8        0x8 C:\Users\Reggie\AppData\Local\Temp\ccAKa3Rn.ltrans9.ltrans.o
                0x0801dab8                GPIO_PIN
 .rodata.TWO23  0x0801dac0        0x8 c:/program files (x86)/gnu tools arm embedded/4.8 2013q4/bin/../lib/gcc/arm-none-eabi/4.8.3/../../../../arm-none-eabi/lib/armv7e-m/fpu\libm.a(lib_a-sf_lrint.o)
 .rodata.TWO23  0x0801dac8        0x8 c:/program files (x86)/gnu tools arm embedded/4.8 2013q4/bin/../lib/gcc/arm-none-eabi/4.8.3/../../../../arm-none-eabi/lib/armv7e-m/fpu\libm.a(lib_a-sf_rint.o)
 .rodata.str1.4
                0x0801dad0        0x5 c:/program files (x86)/gnu tools arm embedded/4.8 2013q4/bin/../lib/gcc/arm-none-eabi/4.8.3/../../../../arm-none-eabi/lib/armv7e-m/fpu\libm.a(lib_a-wf_pow.o)
                                  0x8 (size before relaxing)
 *fill*         0x0801dad5        0x3 
 .rodata.dp_h   0x0801dad8        0x8 c:/program files (x86)/gnu tools arm embedded/4.8 2013q4/bin/../lib/gcc/arm-none-eabi/4.8.3/../../../../arm-none-eabi/lib/armv7e-m/fpu\libm.a(lib_a-ef_pow.o)
 .rodata.dp_l   0x0801dae0        0x8 c:/program files (x86)/gnu tools arm embedded/4.8 2013q4/bin/../lib/gcc/arm-none-eabi/4.8.3/../../../../arm-none-eabi/lib/armv7e-m/fpu\libm.a(lib_a-ef_pow.o)
 .rodata.bp     0x0801dae8        0x8 c:/program files (x86)/gnu tools arm embedded/4.8 2013q4/bin/../lib/gcc/arm-none-eabi/4.8.3/../../../../arm-none-eabi/lib/armv7e-m/fpu\libm.a(lib_a-ef_pow.o)
 .rodata.str1.4
                0x00000000        0x5 c:/program files (x86)/gnu tools arm embedded/4.8 2013q4/bin/../lib/gcc/arm-none-eabi/4.8.3/../../../../arm-none-eabi/lib/armv7e-m/fpu\libm.a(lib_a-ef_pow.o)
                                  0x4 (size before relaxing)
 .rodata.npio2_hw
                0x0801daf0       0x80 c:/program files (x86)/gnu tools arm embedded/4.8 2013q4/bin/../lib/gcc/arm-none-eabi/4.8.3/../../../../arm-none-eabi/lib/armv7e-m/fpu\libm.a(lib_a-ef_rem_pio2.o)
 .rodata.two_over_pi
                0x0801db70      0x318 c:/program files (x86)/gnu tools arm embedded/4.8 2013q4/bin/../lib/gcc/arm-none-eabi/4.8.3/../../../../arm-none-eabi/lib/armv7e-m/fpu\libm.a(lib_a-ef_rem_pio2.o)
 .rodata.init_jk
                0x0801de88        0xc c:/program files (x86)/gnu tools arm embedded/4.8 2013q4/bin/../lib/gcc/arm-none-eabi/4.8.3/../../../../arm-none-eabi/lib/armv7e-m/fpu\libm.a(lib_a-kf_rem_pio2.o)
 .rodata.PIo2   0x0801de94       0x2c c:/program files (x86)/gnu tools arm embedded/4.8 2013q4/bin/../lib/gcc/arm-none-eabi/4.8.3/../../../../arm-none-eabi/lib/armv7e-m/fpu\libm.a(lib_a-kf_rem_pio2.o)
 *fill*         0x0801dec0        0x0 
 .rodata.TWO52  0x0801dec0       0x10 c:/program files (x86)/gnu tools arm embedded/4.8 2013q4/bin/../lib/gcc/arm-none-eabi/4.8.3/../../../../arm-none-eabi/lib/armv7e-m/fpu\libm.a(lib_a-s_rint.o)
 .rodata.str1.4
                0x0801ded0        0x2 c:/program files (x86)/gnu tools arm embedded/4.8 2013q4/bin/../lib/gcc/arm-none-eabi/4.8.3/../../../../arm-none-eabi/lib/armv7e-m/fpu\libc.a(lib_a-impure.o)
                                  0x4 (size before relaxing)

.vfp11_veneer   0x0801ded4        0x0
 .vfp11_veneer  0x00000000        0x0 linker stubs

.v4_bx          0x0801ded4        0x0
 .v4_bx         0x00000000        0x0 linker stubs

.iplt           0x0801ded4        0x0
 .iplt          0x00000000        0x0 c:/program files (x86)/gnu tools arm embedded/4.8 2013q4/bin/../lib/gcc/arm-none-eabi/4.8.3/../../../../arm-none-eabi/lib/armv7e-m/fpu\libm.a(lib_a-sf_fabs.o)

.rel.dyn        0x0801ded4        0x0
 .rel.iplt      0x00000000        0x0 c:/program files (x86)/gnu tools arm embedded/4.8 2013q4/bin/../lib/gcc/arm-none-eabi/4.8.3/../../../../arm-none-eabi/lib/armv7e-m/fpu\libm.a(lib_a-sf_fabs.o)

.ARM.extab
 *(.ARM.extab* .gnu.linkonce.armextab.*)
                0x0801ded4                __exidx_start = .

.ARM.exidx
 *(.ARM.exidx* .gnu.linkonce.armexidx.*)
                0x0801ded4                __exidx_end = .
                0x0801ded4                . = ALIGN (0x4)
                0x0801ded4                _etext = .
                0x0801ded4                _sidata = .

.data           0x20000000      0x4ec load address 0x0801ded4
                0x20000000                _sdata = .
 *(.data .data.*)
 .data.SystemCoreClock
                0x20000000        0x4 C:\Users\Reggie\AppData\Local\Temp\ccAKa3Rn.ltrans0.ltrans.o
 .data.AudioRemSize
                0x20000004        0x4 C:\Users\Reggie\AppData\Local\Temp\ccAKa3Rn.ltrans0.ltrans.o
                0x20000004                AudioRemSize
 .data.CurrAudioInterface
                0x20000008        0x4 C:\Users\Reggie\AppData\Local\Temp\ccAKa3Rn.ltrans0.ltrans.o
                0x20000008                CurrAudioInterface
 .data.AudioTotalSize
                0x2000000c        0x4 C:\Users\Reggie\AppData\Local\Temp\ccAKa3Rn.ltrans0.ltrans.o
 .data.MIDI_cb.5379
                0x20000010       0x10 C:\Users\Reggie\AppData\Local\Temp\ccAKa3Rn.ltrans0.ltrans.o
 .data.demoMode
                0x20000020        0x1 C:\Users\Reggie\AppData\Local\Temp\ccAKa3Rn.ltrans0.ltrans.o
                0x20000020                demoMode
 *fill*         0x20000021        0x3 
 .data.APBAHBPrescTable.11059.5410
                0x20000024       0x10 C:\Users\Reggie\AppData\Local\Temp\ccAKa3Rn.ltrans0.ltrans.o
 .data.USR_Callbacks
                0x20000034       0x48 C:\Users\Reggie\AppData\Local\Temp\ccAKa3Rn.ltrans0.ltrans.o
 .data.wet.6095
                0x2000007c        0x4 C:\Users\Reggie\AppData\Local\Temp\ccAKa3Rn.ltrans1.ltrans.o
                0x2000007c                wet.6095
 .data.fdb.6094
                0x20000080        0x4 C:\Users\Reggie\AppData\Local\Temp\ccAKa3Rn.ltrans1.ltrans.o
                0x20000080                fdb.6094
 .data.centralFreq
                0x20000084        0x4 C:\Users\Reggie\AppData\Local\Temp\ccAKa3Rn.ltrans1.ltrans.o
                0x20000084                centralFreq
 .data.lastfFreq2.4830
                0x20000088        0x4 C:\Users\Reggie\AppData\Local\Temp\ccAKa3Rn.ltrans2.ltrans.o
 .data.volume.5812
                0x2000008c        0x1 C:\Users\Reggie\AppData\Local\Temp\ccAKa3Rn.ltrans2.ltrans.o
                0x2000008c                volume.5812
 .data.Count.4858.4747
                0x2000008d        0x1 C:\Users\Reggie\AppData\Local\Temp\ccAKa3Rn.ltrans3.ltrans.o
 *fill*         0x2000008e        0x2 
 .data.CODECTimeout.4371
                0x20000090        0x4 C:\Users\Reggie\AppData\Local\Temp\ccAKa3Rn.ltrans4.ltrans.o
 .data.lastfFreq1
                0x20000094        0x4 C:\Users\Reggie\AppData\Local\Temp\ccAKa3Rn.ltrans4.ltrans.o
 .data.lastvol.5815.4265
                0x20000098        0x1 C:\Users\Reggie\AppData\Local\Temp\ccAKa3Rn.ltrans6.ltrans.o
 *fill*         0x20000099        0x3 
 .data.USBH_HCD_INT_cb
                0x2000009c        0xc C:\Users\Reggie\AppData\Local\Temp\ccAKa3Rn.ltrans7.ltrans.o
 .data.GPIO_PORT
                0x200000a8       0x10 C:\Users\Reggie\AppData\Local\Temp\ccAKa3Rn.ltrans9.ltrans.o
                0x200000a8                GPIO_PORT
 .data.__fdlib_version
                0x200000b8        0x1 c:/program files (x86)/gnu tools arm embedded/4.8 2013q4/bin/../lib/gcc/arm-none-eabi/4.8.3/../../../../arm-none-eabi/lib/armv7e-m/fpu\libm.a(lib_a-s_lib_ver.o)
                0x200000b8                __fdlib_version
 *fill*         0x200000b9        0x7 
 .data.impure_data
                0x200000c0      0x428 c:/program files (x86)/gnu tools arm embedded/4.8 2013q4/bin/../lib/gcc/arm-none-eabi/4.8.3/../../../../arm-none-eabi/lib/armv7e-m/fpu\libc.a(lib_a-impure.o)
 .data._impure_ptr
                0x200004e8        0x4 c:/program files (x86)/gnu tools arm embedded/4.8 2013q4/bin/../lib/gcc/arm-none-eabi/4.8.3/../../../../arm-none-eabi/lib/armv7e-m/fpu\libc.a(lib_a-impure.o)
                0x200004e8                _impure_ptr
                0x200004ec                . = ALIGN (0x4)
                0x200004ec                _edata = .

.igot.plt       0x200004ec        0x0 load address 0x0801e3c0
 .igot.plt      0x00000000        0x0 c:/program files (x86)/gnu tools arm embedded/4.8 2013q4/bin/../lib/gcc/arm-none-eabi/4.8.3/../../../../arm-none-eabi/lib/armv7e-m/fpu\libm.a(lib_a-sf_fabs.o)

.bss            0x200004ec    0x1ea98 load address 0x0801e3c0
                0x200004ec                _sbss = .
 *(.bss .bss.*)
 .bss.OutputDev.5409
                0x200004ec        0x1 C:\Users\Reggie\AppData\Local\Temp\ccAKa3Rn.ltrans0.ltrans.o
 *fill*         0x200004ed        0x3 
 .bss.CurrentPos
                0x200004f0        0x4 C:\Users\Reggie\AppData\Local\Temp\ccAKa3Rn.ltrans0.ltrans.o
                0x200004f0                CurrentPos
 .bss.BSP_delay
                0x200004f4        0x4 C:\Users\Reggie\AppData\Local\Temp\ccAKa3Rn.ltrans0.ltrans.o
                0x200004f4                BSP_delay
 .bss._fb.7047  0x200004f8        0x4 C:\Users\Reggie\AppData\Local\Temp\ccAKa3Rn.ltrans0.ltrans.o
                0x200004f8                _fb.7047
 .bss._dmax.7050
                0x200004fc        0x4 C:\Users\Reggie\AppData\Local\Temp\ccAKa3Rn.ltrans0.ltrans.o
                0x200004fc                _dmax.7050
 .bss.USB_Host  0x20000500       0x84 C:\Users\Reggie\AppData\Local\Temp\ccAKa3Rn.ltrans0.ltrans.o
                0x20000500                USB_Host
 .bss.readpos.6093
                0x20000584        0x4 C:\Users\Reggie\AppData\Local\Temp\ccAKa3Rn.ltrans0.ltrans.o
                0x20000584                readpos.6093
 .bss._dmin.7049
                0x20000588        0x4 C:\Users\Reggie\AppData\Local\Temp\ccAKa3Rn.ltrans0.ltrans.o
                0x20000588                _dmin.7049
 .bss.filterFreq2
                0x2000058c        0x4 C:\Users\Reggie\AppData\Local\Temp\ccAKa3Rn.ltrans0.ltrans.o
                0x2000058c                filterFreq2
 .bss.prev_ep_size.8501.10157.5375
                0x20000590        0x2 C:\Users\Reggie\AppData\Local\Temp\ccAKa3Rn.ltrans0.ltrans.o
 *fill*         0x20000592        0x2 
 .bss.shift.6089
                0x20000594        0x4 C:\Users\Reggie\AppData\Local\Temp\ccAKa3Rn.ltrans0.ltrans.o
                0x20000594                shift.6089
 .bss.f_min.7044
                0x20000598        0x4 C:\Users\Reggie\AppData\Local\Temp\ccAKa3Rn.ltrans0.ltrans.o
                0x20000598                f_min.7044
 .bss.timeout.8539.9228.5373
                0x2000059c        0x2 C:\Users\Reggie\AppData\Local\Temp\ccAKa3Rn.ltrans0.ltrans.o
 *fill*         0x2000059e        0x2 
 .bss.filterFreq
                0x200005a0        0x4 C:\Users\Reggie\AppData\Local\Temp\ccAKa3Rn.ltrans0.ltrans.o
                0x200005a0                filterFreq
 .bss._lfoInc.7051
                0x200005a4        0x4 C:\Users\Reggie\AppData\Local\Temp\ccAKa3Rn.ltrans0.ltrans.o
                0x200005a4                _lfoInc.7051
 .bss.writepos.6091
                0x200005a8        0x4 C:\Users\Reggie\AppData\Local\Temp\ccAKa3Rn.ltrans0.ltrans.o
                0x200005a8                writepos.6091
 .bss.wet.7048  0x200005ac        0x4 C:\Users\Reggie\AppData\Local\Temp\ccAKa3Rn.ltrans0.ltrans.o
                0x200005ac                wet.7048
 .bss.rateCoeff
                0x200005b0        0x4 C:\Users\Reggie\AppData\Local\Temp\ccAKa3Rn.ltrans0.ltrans.o
                0x200005b0                rateCoeff
 .bss.USBH_CfgDesc.5376
                0x200005b4      0x200 C:\Users\Reggie\AppData\Local\Temp\ccAKa3Rn.ltrans0.ltrans.o
 .bss.swrate.7046
                0x200007b4        0x4 C:\Users\Reggie\AppData\Local\Temp\ccAKa3Rn.ltrans0.ltrans.o
                0x200007b4                swrate.7046
 .bss.delayline.6092
                0x200007b8    0x1d4c8 C:\Users\Reggie\AppData\Local\Temp\ccAKa3Rn.ltrans0.ltrans.o
                0x200007b8                delayline.6092
 .bss.f_max.7045
                0x2001dc80        0x4 C:\Users\Reggie\AppData\Local\Temp\ccAKa3Rn.ltrans0.ltrans.o
                0x2001dc80                f_max.7045
 .bss.audiobuff
                0x2001dc84      0xc80 C:\Users\Reggie\AppData\Local\Temp\ccAKa3Rn.ltrans0.ltrans.o
                0x2001dc84                audiobuff
 .bss.prev_itf.8502.10156.5374
                0x2001e904        0x1 C:\Users\Reggie\AppData\Local\Temp\ccAKa3Rn.ltrans0.ltrans.o
 *fill*         0x2001e905        0x3 
 .bss.DMA_InitStructure
                0x2001e908       0x3c C:\Users\Reggie\AppData\Local\Temp\ccAKa3Rn.ltrans0.ltrans.o
                0x2001e908                DMA_InitStructure
 .bss._lfoPhase.7052.4330
                0x2001e944        0x4 C:\Users\Reggie\AppData\Local\Temp\ccAKa3Rn.ltrans1.ltrans.o
 .bss.freeze    0x2001e948        0x1 C:\Users\Reggie\AppData\Local\Temp\ccAKa3Rn.ltrans1.ltrans.o
                0x2001e948                freeze
 *fill*         0x2001e949        0x3 
 .bss.old.7057.4333
                0x2001e94c       0x18 C:\Users\Reggie\AppData\Local\Temp\ccAKa3Rn.ltrans1.ltrans.o
 .bss._a1.7055.4331
                0x2001e964        0x4 C:\Users\Reggie\AppData\Local\Temp\ccAKa3Rn.ltrans1.ltrans.o
 .bss.old_dy.6097.4317
                0x2001e968        0x4 C:\Users\Reggie\AppData\Local\Temp\ccAKa3Rn.ltrans1.ltrans.o
 .bss._zm1.7056.4332
                0x2001e96c        0x4 C:\Users\Reggie\AppData\Local\Temp\ccAKa3Rn.ltrans1.ltrans.o
 .bss.BlueLED_counter
                0x2001e970        0x4 C:\Users\Reggie\AppData\Local\Temp\ccAKa3Rn.ltrans2.ltrans.o
                0x2001e970                BlueLED_counter
 .bss.currentNote.7697.4867
                0x2001e974        0x1 C:\Users\Reggie\AppData\Local\Temp\ccAKa3Rn.ltrans2.ltrans.o
 .bss.start_toggle
                0x2001e975        0x1 C:\Users\Reggie\AppData\Local\Temp\ccAKa3Rn.ltrans2.ltrans.o
                0x2001e975                start_toggle
 *fill*         0x2001e976        0x2 
 .bss.MIDI_Machine
                0x2001e978       0x50 C:\Users\Reggie\AppData\Local\Temp\ccAKa3Rn.ltrans2.ltrans.o
                0x2001e978                MIDI_Machine
 .bss.TimingDelay.7723.4778
                0x2001e9c8        0x4 C:\Users\Reggie\AppData\Local\Temp\ccAKa3Rn.ltrans3.ltrans.o
 .bss.TimingDelay1.7724.4779
                0x2001e9cc        0x4 C:\Users\Reggie\AppData\Local\Temp\ccAKa3Rn.ltrans3.ltrans.o
 .bss.DebouncedKeyPress.4856.4745
                0x2001e9d0        0x1 C:\Users\Reggie\AppData\Local\Temp\ccAKa3Rn.ltrans3.ltrans.o
 .bss.Key_pressed.4860.4749
                0x2001e9d1        0x1 C:\Users\Reggie\AppData\Local\Temp\ccAKa3Rn.ltrans3.ltrans.o
 .bss.Key_changed.4859.4748
                0x2001e9d2        0x1 C:\Users\Reggie\AppData\Local\Temp\ccAKa3Rn.ltrans3.ltrans.o
 *fill*         0x2001e9d3        0x1 
 .bss.USB_OTG_Core_dev
                0x2001e9d4      0x5ac C:\Users\Reggie\AppData\Local\Temp\ccAKa3Rn.ltrans8.ltrans.o
                0x2001e9d4                USB_OTG_Core_dev
 *(COMMON)
 COMMON         0x2001ef80        0x4 C:\Users\Reggie\AppData\Local\Temp\ccAKa3Rn.ltrans3.ltrans.o
                0x2001ef80                __errno
                0x2001ef84                . = ALIGN (0x4)
                0x2001ef84                _ebss = .

.co_stack       0x2001ef84      0x804 load address 0x0803ce58
                0x2001ef88                . = ALIGN (0x8)
 *fill*         0x2001ef84        0x4 
 *(.co_stack .co_stack.*)
 .co_stack      0x2001ef88      0x800 C:\Users\Reggie\AppData\Local\Temp\ccAKa3Rn.ltrans8.ltrans.o
                0x2001f788                . = ALIGN (0x4)
                0x2001f788                _end = .
OUTPUT(Dekrispator.elf elf32-littlearm)

.comment        0x00000000       0x70
 .comment       0x00000000       0x70 C:\Users\Reggie\AppData\Local\Temp\ccAKa3Rn.ltrans0.ltrans.o
                                 0x71 (size before relaxing)
 .comment       0x00000000       0x71 C:\Users\Reggie\AppData\Local\Temp\ccAKa3Rn.ltrans1.ltrans.o
 .comment       0x00000000       0x71 C:\Users\Reggie\AppData\Local\Temp\ccAKa3Rn.ltrans2.ltrans.o
 .comment       0x00000000       0x71 C:\Users\Reggie\AppData\Local\Temp\ccAKa3Rn.ltrans3.ltrans.o
 .comment       0x00000000       0x71 C:\Users\Reggie\AppData\Local\Temp\ccAKa3Rn.ltrans4.ltrans.o
 .comment       0x00000000       0x71 C:\Users\Reggie\AppData\Local\Temp\ccAKa3Rn.ltrans5.ltrans.o
 .comment       0x00000000       0x71 C:\Users\Reggie\AppData\Local\Temp\ccAKa3Rn.ltrans6.ltrans.o
 .comment       0x00000000       0x71 C:\Users\Reggie\AppData\Local\Temp\ccAKa3Rn.ltrans7.ltrans.o
 .comment       0x00000000       0x71 C:\Users\Reggie\AppData\Local\Temp\ccAKa3Rn.ltrans8.ltrans.o
 .comment       0x00000000       0x71 C:\Users\Reggie\AppData\Local\Temp\ccAKa3Rn.ltrans9.ltrans.o

.ARM.attributes
                0x00000000       0x37
 .ARM.attributes
                0x00000000       0x37 C:\Users\Reggie\AppData\Local\Temp\ccAKa3Rn.ltrans0.ltrans.o
 .ARM.attributes
                0x00000037       0x37 C:\Users\Reggie\AppData\Local\Temp\ccAKa3Rn.ltrans1.ltrans.o
 .ARM.attributes
                0x0000006e       0x37 C:\Users\Reggie\AppData\Local\Temp\ccAKa3Rn.ltrans2.ltrans.o
 .ARM.attributes
                0x000000a5       0x37 C:\Users\Reggie\AppData\Local\Temp\ccAKa3Rn.ltrans3.ltrans.o
 .ARM.attributes
                0x000000dc       0x37 C:\Users\Reggie\AppData\Local\Temp\ccAKa3Rn.ltrans4.ltrans.o
 .ARM.attributes
                0x00000113       0x37 C:\Users\Reggie\AppData\Local\Temp\ccAKa3Rn.ltrans5.ltrans.o
 .ARM.attributes
                0x0000014a       0x37 C:\Users\Reggie\AppData\Local\Temp\ccAKa3Rn.ltrans6.ltrans.o
 .ARM.attributes
                0x00000181       0x37 C:\Users\Reggie\AppData\Local\Temp\ccAKa3Rn.ltrans7.ltrans.o
 .ARM.attributes
                0x000001b8       0x37 C:\Users\Reggie\AppData\Local\Temp\ccAKa3Rn.ltrans8.ltrans.o
 .ARM.attributes
                0x000001ef       0x37 C:\Users\Reggie\AppData\Local\Temp\ccAKa3Rn.ltrans9.ltrans.o
 .ARM.attributes
                0x00000226       0x34 c:/program files (x86)/gnu tools arm embedded/4.8 2013q4/bin/../lib/gcc/arm-none-eabi/4.8.3/../../../../arm-none-eabi/lib/armv7e-m/fpu\libm.a(lib_a-sf_fabs.o)
 .ARM.attributes
                0x0000025a       0x34 c:/program files (x86)/gnu tools arm embedded/4.8 2013q4/bin/../lib/gcc/arm-none-eabi/4.8.3/../../../../arm-none-eabi/lib/armv7e-m/fpu\libm.a(lib_a-sf_floor.o)
 .ARM.attributes
                0x0000028e       0x34 c:/program files (x86)/gnu tools arm embedded/4.8 2013q4/bin/../lib/gcc/arm-none-eabi/4.8.3/../../../../arm-none-eabi/lib/armv7e-m/fpu\libm.a(lib_a-sf_lrint.o)
 .ARM.attributes
                0x000002c2       0x34 c:/program files (x86)/gnu tools arm embedded/4.8 2013q4/bin/../lib/gcc/arm-none-eabi/4.8.3/../../../../arm-none-eabi/lib/armv7e-m/fpu\libm.a(lib_a-sf_rint.o)
 .ARM.attributes
                0x000002f6       0x34 c:/program files (x86)/gnu tools arm embedded/4.8 2013q4/bin/../lib/gcc/arm-none-eabi/4.8.3/../../../../arm-none-eabi/lib/armv7e-m/fpu\libm.a(lib_a-sf_sin.o)
 .ARM.attributes
                0x0000032a       0x34 c:/program files (x86)/gnu tools arm embedded/4.8 2013q4/bin/../lib/gcc/arm-none-eabi/4.8.3/../../../../arm-none-eabi/lib/armv7e-m/fpu\libm.a(lib_a-wf_pow.o)
 .ARM.attributes
                0x0000035e       0x34 c:/program files (x86)/gnu tools arm embedded/4.8 2013q4/bin/../lib/gcc/arm-none-eabi/4.8.3/../../../../arm-none-eabi/lib/armv7e-m/fpu\libm.a(lib_a-ef_pow.o)
 .ARM.attributes
                0x00000392       0x34 c:/program files (x86)/gnu tools arm embedded/4.8 2013q4/bin/../lib/gcc/arm-none-eabi/4.8.3/../../../../arm-none-eabi/lib/armv7e-m/fpu\libm.a(lib_a-ef_rem_pio2.o)
 .ARM.attributes
                0x000003c6       0x34 c:/program files (x86)/gnu tools arm embedded/4.8 2013q4/bin/../lib/gcc/arm-none-eabi/4.8.3/../../../../arm-none-eabi/lib/armv7e-m/fpu\libm.a(lib_a-ef_sqrt.o)
 .ARM.attributes
                0x000003fa       0x34 c:/program files (x86)/gnu tools arm embedded/4.8 2013q4/bin/../lib/gcc/arm-none-eabi/4.8.3/../../../../arm-none-eabi/lib/armv7e-m/fpu\libm.a(lib_a-kf_cos.o)
 .ARM.attributes
                0x0000042e       0x34 c:/program files (x86)/gnu tools arm embedded/4.8 2013q4/bin/../lib/gcc/arm-none-eabi/4.8.3/../../../../arm-none-eabi/lib/armv7e-m/fpu\libm.a(lib_a-kf_rem_pio2.o)
 .ARM.attributes
                0x00000462       0x34 c:/program files (x86)/gnu tools arm embedded/4.8 2013q4/bin/../lib/gcc/arm-none-eabi/4.8.3/../../../../arm-none-eabi/lib/armv7e-m/fpu\libm.a(lib_a-kf_sin.o)
 .ARM.attributes
                0x00000496       0x34 c:/program files (x86)/gnu tools arm embedded/4.8 2013q4/bin/../lib/gcc/arm-none-eabi/4.8.3/../../../../arm-none-eabi/lib/armv7e-m/fpu\libm.a(lib_a-s_lib_ver.o)
 .ARM.attributes
                0x000004ca       0x34 c:/program files (x86)/gnu tools arm embedded/4.8 2013q4/bin/../lib/gcc/arm-none-eabi/4.8.3/../../../../arm-none-eabi/lib/armv7e-m/fpu\libm.a(lib_a-s_matherr.o)
 .ARM.attributes
                0x000004fe       0x34 c:/program files (x86)/gnu tools arm embedded/4.8 2013q4/bin/../lib/gcc/arm-none-eabi/4.8.3/../../../../arm-none-eabi/lib/armv7e-m/fpu\libm.a(lib_a-s_rint.o)
 .ARM.attributes
                0x00000532       0x34 c:/program files (x86)/gnu tools arm embedded/4.8 2013q4/bin/../lib/gcc/arm-none-eabi/4.8.3/../../../../arm-none-eabi/lib/armv7e-m/fpu\libm.a(lib_a-sf_finite.o)
 .ARM.attributes
                0x00000566       0x34 c:/program files (x86)/gnu tools arm embedded/4.8 2013q4/bin/../lib/gcc/arm-none-eabi/4.8.3/../../../../arm-none-eabi/lib/armv7e-m/fpu\libm.a(lib_a-sf_fpclassify.o)
 .ARM.attributes
                0x0000059a       0x34 c:/program files (x86)/gnu tools arm embedded/4.8 2013q4/bin/../lib/gcc/arm-none-eabi/4.8.3/../../../../arm-none-eabi/lib/armv7e-m/fpu\libm.a(lib_a-sf_nan.o)
 .ARM.attributes
                0x000005ce       0x34 c:/program files (x86)/gnu tools arm embedded/4.8 2013q4/bin/../lib/gcc/arm-none-eabi/4.8.3/../../../../arm-none-eabi/lib/armv7e-m/fpu\libm.a(lib_a-sf_scalbn.o)
 .ARM.attributes
                0x00000602       0x34 c:/program files (x86)/gnu tools arm embedded/4.8 2013q4/bin/../lib/gcc/arm-none-eabi/4.8.3/../../../../arm-none-eabi/lib/armv7e-m/fpu\libm.a(lib_a-sf_copysign.o)
 .ARM.attributes
                0x00000636       0x22 c:/program files (x86)/gnu tools arm embedded/4.8 2013q4/bin/../lib/gcc/arm-none-eabi/4.8.3/armv7e-m/fpu\libgcc.a(_arm_addsubdf3.o)
 .ARM.attributes
                0x00000658       0x22 c:/program files (x86)/gnu tools arm embedded/4.8 2013q4/bin/../lib/gcc/arm-none-eabi/4.8.3/armv7e-m/fpu\libgcc.a(_arm_muldivdf3.o)
 .ARM.attributes
                0x0000067a       0x22 c:/program files (x86)/gnu tools arm embedded/4.8 2013q4/bin/../lib/gcc/arm-none-eabi/4.8.3/armv7e-m/fpu\libgcc.a(_arm_cmpdf2.o)
 .ARM.attributes
                0x0000069c       0x22 c:/program files (x86)/gnu tools arm embedded/4.8 2013q4/bin/../lib/gcc/arm-none-eabi/4.8.3/armv7e-m/fpu\libgcc.a(_arm_truncdfsf2.o)
 .ARM.attributes
                0x000006be       0x20 c:/program files (x86)/gnu tools arm embedded/4.8 2013q4/bin/../lib/gcc/arm-none-eabi/4.8.3/../../../../arm-none-eabi/lib/armv7e-m/fpu\libc.a(lib_a-memcpy.o)
 .ARM.attributes
                0x000006de       0x34 c:/program files (x86)/gnu tools arm embedded/4.8 2013q4/bin/../lib/gcc/arm-none-eabi/4.8.3/../../../../arm-none-eabi/lib/armv7e-m/fpu\libc.a(lib_a-memset.o)
 .ARM.attributes
                0x00000712       0x34 c:/program files (x86)/gnu tools arm embedded/4.8 2013q4/bin/../lib/gcc/arm-none-eabi/4.8.3/../../../../arm-none-eabi/lib/armv7e-m/fpu\libc.a(lib_a-rand.o)
 .ARM.attributes
                0x00000746       0x34 c:/program files (x86)/gnu tools arm embedded/4.8 2013q4/bin/../lib/gcc/arm-none-eabi/4.8.3/../../../../arm-none-eabi/lib/armv7e-m/fpu\libc.a(lib_a-impure.o)

.debug_frame    0x00000000      0x378
 .debug_frame   0x00000000       0x20 c:/program files (x86)/gnu tools arm embedded/4.8 2013q4/bin/../lib/gcc/arm-none-eabi/4.8.3/../../../../arm-none-eabi/lib/armv7e-m/fpu\libm.a(lib_a-sf_fabs.o)
 .debug_frame   0x00000020       0x28 c:/program files (x86)/gnu tools arm embedded/4.8 2013q4/bin/../lib/gcc/arm-none-eabi/4.8.3/../../../../arm-none-eabi/lib/armv7e-m/fpu\libm.a(lib_a-sf_floor.o)
 .debug_frame   0x00000048       0x28 c:/program files (x86)/gnu tools arm embedded/4.8 2013q4/bin/../lib/gcc/arm-none-eabi/4.8.3/../../../../arm-none-eabi/lib/armv7e-m/fpu\libm.a(lib_a-sf_lrint.o)
 .debug_frame   0x00000070       0x28 c:/program files (x86)/gnu tools arm embedded/4.8 2013q4/bin/../lib/gcc/arm-none-eabi/4.8.3/../../../../arm-none-eabi/lib/armv7e-m/fpu\libm.a(lib_a-sf_rint.o)
 .debug_frame   0x00000098       0x28 c:/program files (x86)/gnu tools arm embedded/4.8 2013q4/bin/../lib/gcc/arm-none-eabi/4.8.3/../../../../arm-none-eabi/lib/armv7e-m/fpu\libm.a(lib_a-sf_sin.o)
 .debug_frame   0x000000c0       0x38 c:/program files (x86)/gnu tools arm embedded/4.8 2013q4/bin/../lib/gcc/arm-none-eabi/4.8.3/../../../../arm-none-eabi/lib/armv7e-m/fpu\libm.a(lib_a-wf_pow.o)
 .debug_frame   0x000000f8       0x3c c:/program files (x86)/gnu tools arm embedded/4.8 2013q4/bin/../lib/gcc/arm-none-eabi/4.8.3/../../../../arm-none-eabi/lib/armv7e-m/fpu\libm.a(lib_a-ef_pow.o)
 .debug_frame   0x00000134       0x30 c:/program files (x86)/gnu tools arm embedded/4.8 2013q4/bin/../lib/gcc/arm-none-eabi/4.8.3/../../../../arm-none-eabi/lib/armv7e-m/fpu\libm.a(lib_a-ef_rem_pio2.o)
 .debug_frame   0x00000164       0x2c c:/program files (x86)/gnu tools arm embedded/4.8 2013q4/bin/../lib/gcc/arm-none-eabi/4.8.3/../../../../arm-none-eabi/lib/armv7e-m/fpu\libm.a(lib_a-ef_sqrt.o)
 .debug_frame   0x00000190       0x20 c:/program files (x86)/gnu tools arm embedded/4.8 2013q4/bin/../lib/gcc/arm-none-eabi/4.8.3/../../../../arm-none-eabi/lib/armv7e-m/fpu\libm.a(lib_a-kf_cos.o)
 .debug_frame   0x000001b0       0x44 c:/program files (x86)/gnu tools arm embedded/4.8 2013q4/bin/../lib/gcc/arm-none-eabi/4.8.3/../../../../arm-none-eabi/lib/armv7e-m/fpu\libm.a(lib_a-kf_rem_pio2.o)
 .debug_frame   0x000001f4       0x20 c:/program files (x86)/gnu tools arm embedded/4.8 2013q4/bin/../lib/gcc/arm-none-eabi/4.8.3/../../../../arm-none-eabi/lib/armv7e-m/fpu\libm.a(lib_a-kf_sin.o)
 .debug_frame   0x00000214       0x20 c:/program files (x86)/gnu tools arm embedded/4.8 2013q4/bin/../lib/gcc/arm-none-eabi/4.8.3/../../../../arm-none-eabi/lib/armv7e-m/fpu\libm.a(lib_a-s_matherr.o)
 .debug_frame   0x00000234       0x30 c:/program files (x86)/gnu tools arm embedded/4.8 2013q4/bin/../lib/gcc/arm-none-eabi/4.8.3/../../../../arm-none-eabi/lib/armv7e-m/fpu\libm.a(lib_a-s_rint.o)
 .debug_frame   0x00000264       0x20 c:/program files (x86)/gnu tools arm embedded/4.8 2013q4/bin/../lib/gcc/arm-none-eabi/4.8.3/../../../../arm-none-eabi/lib/armv7e-m/fpu\libm.a(lib_a-sf_finite.o)
 .debug_frame   0x00000284       0x20 c:/program files (x86)/gnu tools arm embedded/4.8 2013q4/bin/../lib/gcc/arm-none-eabi/4.8.3/../../../../arm-none-eabi/lib/armv7e-m/fpu\libm.a(lib_a-sf_fpclassify.o)
 .debug_frame   0x000002a4       0x20 c:/program files (x86)/gnu tools arm embedded/4.8 2013q4/bin/../lib/gcc/arm-none-eabi/4.8.3/../../../../arm-none-eabi/lib/armv7e-m/fpu\libm.a(lib_a-sf_nan.o)
 .debug_frame   0x000002c4       0x30 c:/program files (x86)/gnu tools arm embedded/4.8 2013q4/bin/../lib/gcc/arm-none-eabi/4.8.3/../../../../arm-none-eabi/lib/armv7e-m/fpu\libm.a(lib_a-sf_scalbn.o)
 .debug_frame   0x000002f4       0x20 c:/program files (x86)/gnu tools arm embedded/4.8 2013q4/bin/../lib/gcc/arm-none-eabi/4.8.3/../../../../arm-none-eabi/lib/armv7e-m/fpu\libm.a(lib_a-sf_copysign.o)
 .debug_frame   0x00000314       0x2c c:/program files (x86)/gnu tools arm embedded/4.8 2013q4/bin/../lib/gcc/arm-none-eabi/4.8.3/../../../../arm-none-eabi/lib/armv7e-m/fpu\libc.a(lib_a-memset.o)
 .debug_frame   0x00000340       0x38 c:/program files (x86)/gnu tools arm embedded/4.8 2013q4/bin/../lib/gcc/arm-none-eabi/4.8.3/../../../../arm-none-eabi/lib/armv7e-m/fpu\libc.a(lib_a-rand.o)
